###############################################################################
#
# IAR ELF Linker V7.80.1.11864/W32 for ARM                11/Mar/2018  23:13:06
# Copyright 2007-2016 IAR Systems AB.
#
#    Output file  =  
#        E:\F2_OSRAM\O06_Private\WiFi_Camera_Prj\WiFi_Camera_Firmware\EWARM\WiFi_Camera\Exe\WiFi_Camera.out
#    Map file     =  
#        E:\F2_OSRAM\O06_Private\WiFi_Camera_Prj\WiFi_Camera_Firmware\EWARM\WiFi_Camera\List\WiFi_Camera.map
#    Command line =  
#        E:\F2_OSRAM\O06_Private\WiFi_Camera_Prj\WiFi_Camera_Firmware\EWARM\WiFi_Camera\Obj\bsp_driver_sd.o
#        E:\F2_OSRAM\O06_Private\WiFi_Camera_Prj\WiFi_Camera_Firmware\EWARM\WiFi_Camera\Obj\camera_task.o
#        E:\F2_OSRAM\O06_Private\WiFi_Camera_Prj\WiFi_Camera_Firmware\EWARM\WiFi_Camera\Obj\client_task.o
#        E:\F2_OSRAM\O06_Private\WiFi_Camera_Prj\WiFi_Camera_Firmware\EWARM\WiFi_Camera\Obj\client_task_demo.o
#        E:\F2_OSRAM\O06_Private\WiFi_Camera_Prj\WiFi_Camera_Firmware\EWARM\WiFi_Camera\Obj\cmsis_os.o
#        E:\F2_OSRAM\O06_Private\WiFi_Camera_Prj\WiFi_Camera_Firmware\EWARM\WiFi_Camera\Obj\croutine.o
#        E:\F2_OSRAM\O06_Private\WiFi_Camera_Prj\WiFi_Camera_Firmware\EWARM\WiFi_Camera\Obj\debug_task.o
#        E:\F2_OSRAM\O06_Private\WiFi_Camera_Prj\WiFi_Camera_Firmware\EWARM\WiFi_Camera\Obj\delay.o
#        E:\F2_OSRAM\O06_Private\WiFi_Camera_Prj\WiFi_Camera_Firmware\EWARM\WiFi_Camera\Obj\diskio.o
#        E:\F2_OSRAM\O06_Private\WiFi_Camera_Prj\WiFi_Camera_Firmware\EWARM\WiFi_Camera\Obj\display_task.o
#        E:\F2_OSRAM\O06_Private\WiFi_Camera_Prj\WiFi_Camera_Firmware\EWARM\WiFi_Camera\Obj\event_groups.o
#        E:\F2_OSRAM\O06_Private\WiFi_Camera_Prj\WiFi_Camera_Firmware\EWARM\WiFi_Camera\Obj\fatfs.o
#        E:\F2_OSRAM\O06_Private\WiFi_Camera_Prj\WiFi_Camera_Firmware\EWARM\WiFi_Camera\Obj\ff.o
#        E:\F2_OSRAM\O06_Private\WiFi_Camera_Prj\WiFi_Camera_Firmware\EWARM\WiFi_Camera\Obj\ff_gen_drv.o
#        E:\F2_OSRAM\O06_Private\WiFi_Camera_Prj\WiFi_Camera_Firmware\EWARM\WiFi_Camera\Obj\freertos.o
#        E:\F2_OSRAM\O06_Private\WiFi_Camera_Prj\WiFi_Camera_Firmware\EWARM\WiFi_Camera\Obj\heap_4.o
#        E:\F2_OSRAM\O06_Private\WiFi_Camera_Prj\WiFi_Camera_Firmware\EWARM\WiFi_Camera\Obj\lcd_driver.o
#        E:\F2_OSRAM\O06_Private\WiFi_Camera_Prj\WiFi_Camera_Firmware\EWARM\WiFi_Camera\Obj\list.o
#        E:\F2_OSRAM\O06_Private\WiFi_Camera_Prj\WiFi_Camera_Firmware\EWARM\WiFi_Camera\Obj\main.o
#        E:\F2_OSRAM\O06_Private\WiFi_Camera_Prj\WiFi_Camera_Firmware\EWARM\WiFi_Camera\Obj\memory.o
#        E:\F2_OSRAM\O06_Private\WiFi_Camera_Prj\WiFi_Camera_Firmware\EWARM\WiFi_Camera\Obj\motor_task.o
#        E:\F2_OSRAM\O06_Private\WiFi_Camera_Prj\WiFi_Camera_Firmware\EWARM\WiFi_Camera\Obj\ov7670.o
#        E:\F2_OSRAM\O06_Private\WiFi_Camera_Prj\WiFi_Camera_Firmware\EWARM\WiFi_Camera\Obj\port.o
#        E:\F2_OSRAM\O06_Private\WiFi_Camera_Prj\WiFi_Camera_Firmware\EWARM\WiFi_Camera\Obj\portasm.o
#        E:\F2_OSRAM\O06_Private\WiFi_Camera_Prj\WiFi_Camera_Firmware\EWARM\WiFi_Camera\Obj\queue.o
#        E:\F2_OSRAM\O06_Private\WiFi_Camera_Prj\WiFi_Camera_Firmware\EWARM\WiFi_Camera\Obj\sccb.o
#        E:\F2_OSRAM\O06_Private\WiFi_Camera_Prj\WiFi_Camera_Firmware\EWARM\WiFi_Camera\Obj\sd_diskio.o
#        E:\F2_OSRAM\O06_Private\WiFi_Camera_Prj\WiFi_Camera_Firmware\EWARM\WiFi_Camera\Obj\sd_task.o
#        E:\F2_OSRAM\O06_Private\WiFi_Camera_Prj\WiFi_Camera_Firmware\EWARM\WiFi_Camera\Obj\startup_stm32f437xx.o
#        E:\F2_OSRAM\O06_Private\WiFi_Camera_Prj\WiFi_Camera_Firmware\EWARM\WiFi_Camera\Obj\stm32f4xx_hal.o
#        E:\F2_OSRAM\O06_Private\WiFi_Camera_Prj\WiFi_Camera_Firmware\EWARM\WiFi_Camera\Obj\stm32f4xx_hal_cortex.o
#        E:\F2_OSRAM\O06_Private\WiFi_Camera_Prj\WiFi_Camera_Firmware\EWARM\WiFi_Camera\Obj\stm32f4xx_hal_dcmi.o
#        E:\F2_OSRAM\O06_Private\WiFi_Camera_Prj\WiFi_Camera_Firmware\EWARM\WiFi_Camera\Obj\stm32f4xx_hal_dcmi_ex.o
#        E:\F2_OSRAM\O06_Private\WiFi_Camera_Prj\WiFi_Camera_Firmware\EWARM\WiFi_Camera\Obj\stm32f4xx_hal_dma.o
#        E:\F2_OSRAM\O06_Private\WiFi_Camera_Prj\WiFi_Camera_Firmware\EWARM\WiFi_Camera\Obj\stm32f4xx_hal_dma_ex.o
#        E:\F2_OSRAM\O06_Private\WiFi_Camera_Prj\WiFi_Camera_Firmware\EWARM\WiFi_Camera\Obj\stm32f4xx_hal_flash.o
#        E:\F2_OSRAM\O06_Private\WiFi_Camera_Prj\WiFi_Camera_Firmware\EWARM\WiFi_Camera\Obj\stm32f4xx_hal_flash_ex.o
#        E:\F2_OSRAM\O06_Private\WiFi_Camera_Prj\WiFi_Camera_Firmware\EWARM\WiFi_Camera\Obj\stm32f4xx_hal_flash_ramfunc.o
#        E:\F2_OSRAM\O06_Private\WiFi_Camera_Prj\WiFi_Camera_Firmware\EWARM\WiFi_Camera\Obj\stm32f4xx_hal_gpio.o
#        E:\F2_OSRAM\O06_Private\WiFi_Camera_Prj\WiFi_Camera_Firmware\EWARM\WiFi_Camera\Obj\stm32f4xx_hal_i2c.o
#        E:\F2_OSRAM\O06_Private\WiFi_Camera_Prj\WiFi_Camera_Firmware\EWARM\WiFi_Camera\Obj\stm32f4xx_hal_i2c_ex.o
#        E:\F2_OSRAM\O06_Private\WiFi_Camera_Prj\WiFi_Camera_Firmware\EWARM\WiFi_Camera\Obj\stm32f4xx_hal_msp.o
#        E:\F2_OSRAM\O06_Private\WiFi_Camera_Prj\WiFi_Camera_Firmware\EWARM\WiFi_Camera\Obj\stm32f4xx_hal_pwr.o
#        E:\F2_OSRAM\O06_Private\WiFi_Camera_Prj\WiFi_Camera_Firmware\EWARM\WiFi_Camera\Obj\stm32f4xx_hal_pwr_ex.o
#        E:\F2_OSRAM\O06_Private\WiFi_Camera_Prj\WiFi_Camera_Firmware\EWARM\WiFi_Camera\Obj\stm32f4xx_hal_rcc.o
#        E:\F2_OSRAM\O06_Private\WiFi_Camera_Prj\WiFi_Camera_Firmware\EWARM\WiFi_Camera\Obj\stm32f4xx_hal_rcc_ex.o
#        E:\F2_OSRAM\O06_Private\WiFi_Camera_Prj\WiFi_Camera_Firmware\EWARM\WiFi_Camera\Obj\stm32f4xx_hal_rtc.o
#        E:\F2_OSRAM\O06_Private\WiFi_Camera_Prj\WiFi_Camera_Firmware\EWARM\WiFi_Camera\Obj\stm32f4xx_hal_rtc_ex.o
#        E:\F2_OSRAM\O06_Private\WiFi_Camera_Prj\WiFi_Camera_Firmware\EWARM\WiFi_Camera\Obj\stm32f4xx_hal_sd.o
#        E:\F2_OSRAM\O06_Private\WiFi_Camera_Prj\WiFi_Camera_Firmware\EWARM\WiFi_Camera\Obj\stm32f4xx_hal_tim.o
#        E:\F2_OSRAM\O06_Private\WiFi_Camera_Prj\WiFi_Camera_Firmware\EWARM\WiFi_Camera\Obj\stm32f4xx_hal_tim_ex.o
#        E:\F2_OSRAM\O06_Private\WiFi_Camera_Prj\WiFi_Camera_Firmware\EWARM\WiFi_Camera\Obj\stm32f4xx_hal_timebase_TIM.o
#        E:\F2_OSRAM\O06_Private\WiFi_Camera_Prj\WiFi_Camera_Firmware\EWARM\WiFi_Camera\Obj\stm32f4xx_hal_uart.o
#        E:\F2_OSRAM\O06_Private\WiFi_Camera_Prj\WiFi_Camera_Firmware\EWARM\WiFi_Camera\Obj\stm32f4xx_it.o
#        E:\F2_OSRAM\O06_Private\WiFi_Camera_Prj\WiFi_Camera_Firmware\EWARM\WiFi_Camera\Obj\stm32f4xx_ll_sdmmc.o
#        E:\F2_OSRAM\O06_Private\WiFi_Camera_Prj\WiFi_Camera_Firmware\EWARM\WiFi_Camera\Obj\syscall.o
#        E:\F2_OSRAM\O06_Private\WiFi_Camera_Prj\WiFi_Camera_Firmware\EWARM\WiFi_Camera\Obj\system_stm32f4xx.o
#        E:\F2_OSRAM\O06_Private\WiFi_Camera_Prj\WiFi_Camera_Firmware\EWARM\WiFi_Camera\Obj\tasks.o
#        E:\F2_OSRAM\O06_Private\WiFi_Camera_Prj\WiFi_Camera_Firmware\EWARM\WiFi_Camera\Obj\timers.o
#        E:\F2_OSRAM\O06_Private\WiFi_Camera_Prj\WiFi_Camera_Firmware\EWARM\WiFi_Camera\Obj\util.o
#        E:\F2_OSRAM\O06_Private\WiFi_Camera_Prj\WiFi_Camera_Firmware\EWARM\WiFi_Camera\Obj\wifi_task.o
#        E:\F2_OSRAM\O06_Private\WiFi_Camera_Prj\WiFi_Camera_Firmware\EWARM\WiFi_Camera\Obj\wifi_task_demo.o
#        --redirect _Printf=_PrintfFull --redirect _Scanf=_ScanfFull -o
#        E:\F2_OSRAM\O06_Private\WiFi_Camera_Prj\WiFi_Camera_Firmware\EWARM\WiFi_Camera\Exe\WiFi_Camera.out
#        --map
#        E:\F2_OSRAM\O06_Private\WiFi_Camera_Prj\WiFi_Camera_Firmware\EWARM\WiFi_Camera\List\WiFi_Camera.map
#        --config
#        E:\F2_OSRAM\O06_Private\WiFi_Camera_Prj\WiFi_Camera_Firmware\EWARM\stm32f437xx_flash_offset.icf
#        --semihosting --entry __iar_program_start --vfe
#
###############################################################################

*******************************************************************************
*** RUNTIME MODEL ATTRIBUTES
***

CppFlavor                     = *
__Heap_Handler                = Basic
__SystemLibrary               = DLib
__dlib_dynamic_initialization = normal


*******************************************************************************
*** PLACEMENT SUMMARY
***

"A0":  place at 0x08020000 { ro section .intvec };
"P1":  place in [from 0x08020000 to 0x0805ffff] { ro };
"P2":  place in [from 0x20000000 to 0x2003ffff] { rw, block CSTACK, block HEAP };
initialize by copy { rw };

  Section             Kind        Address     Size  Object
  -------             ----        -------     ----  ------
"A0":                                        0x1ac
  .intvec             ro code  0x08020000    0x1ac  startup_stm32f437xx.o [1]
                             - 0x080201ac    0x1ac

"P1":                                      0x12fc8
  .text               ro code  0x080201ac   0x2208  ff.o [1]
  .text               ro code  0x080223b4     0x62  syscall.o [1]
  .text               ro code  0x08022416      0xa  xsprout.o [3]
  .text               ro code  0x08022420     0xf8  diskio.o [1]
  .text               ro code  0x08022518    0x148  fatfs.o [1]
  .text               ro code  0x08022660    0x27c  cmsis_os.o [1]
  .text               ro code  0x080228dc     0xcc  ff_gen_drv.o [1]
  .text               ro code  0x080229a8     0x76  ABImemcpy_unaligned.o [5]
  .text               ro code  0x08022a20    0xa2e  main.o [1]
  .text               ro code  0x08023450    0xc54  tasks.o [1]
  .text               ro code  0x080240a4    0x98c  queue.o [1]
  .text               ro code  0x08024a30    0x25c  port.o [1]
  .text               ro code  0x08024c8c     0x40  stm32f4xx_hal.o [1]
  .text               ro code  0x08024ccc    0x520  memory.o [1]
  .text               ro code  0x080251ec    0x380  stm32f4xx_hal_rcc.o [1]
  .text               ro code  0x0802556c     0x80  stm32f4xx_hal_pwr_ex.o [1]
  .text               ro code  0x080255ec    0x270  stm32f4xx_hal_rcc.o [1]
  .text               ro code  0x0802585c    0x2b0  stm32f4xx_hal_rcc_ex.o [1]
  .text               ro code  0x08025b0c    0x1ac  stm32f4xx_hal_cortex.o [1]
  .text               ro code  0x08025cb8     0x88  stm32f4xx_hal_dcmi_ex.o [1]
  .text               ro code  0x08025d40    0x130  stm32f4xx_hal_i2c.o [1]
  .text               ro code  0x08025e70    0x442  stm32f4xx_hal_rtc.o [1]
  .text               ro code  0x080262b4     0x26  stm32f4xx_hal_rtc_ex.o [1]
  .text               ro code  0x080262dc    0x900  stm32f4xx_hal_tim.o [1]
  .text               ro code  0x08026bdc     0x5a  stm32f4xx_hal_tim_ex.o [1]
  .text               ro code  0x08026c38    0x634  stm32f4xx_hal_msp.o [1]
  .text               ro code  0x0802726c    0xa68  stm32f4xx_hal_uart.o [1]
  .text               ro code  0x08027cd4    0x40e  stm32f4xx_hal_gpio.o [1]
  .text               ro code  0x080280e4    0x178  debug_task.o [1]
  .text               ro code  0x0802825c     0x10  stm32f4xx_hal.o [1]
  .text               ro code  0x0802826c    0x79c  motor_task.o [1]
  .text               ro code  0x08028a08    0x298  heap_4.o [1]
  .text               ro code  0x08028ca0     0x66  ABImemset.o [5]
  .text               ro code  0x08028d06     0x9e  list.o [1]
  .text               ro code  0x08028da4    0x52c  timers.o [1]
  .text               ro code  0x080292d0      0x2  freertos.o [1]
  CODE                ro code  0x080292d4     0xa8  portasm.o [1]
  .text               ro code  0x0802937c     0x98  stm32f4xx_hal_timebase_TIM.o [1]
  .text               ro code  0x08029414    0x284  stm32f4xx_hal_flash.o [1]
  .text               ro code  0x08029698    0x230  stm32f4xx_hal_flash_ex.o [1]
  .text               ro code  0x080298c8     0x1e  stm32f4xx_hal.o [1]
  .text               ro code  0x080298e8      0xc  stm32f4xx_hal.o [1]
  .text               ro code  0x080298f4     0xee  I64DivMod.o [5]
  .text               ro code  0x080299e2      0x2  stm32f4xx_hal_tim.o [1]
  .text               ro code  0x080299e4      0x2  stm32f4xx_hal_tim.o [1]
  .text               ro code  0x080299e6      0x2  stm32f4xx_hal_tim.o [1]
  .text               ro code  0x080299e8      0x2  stm32f4xx_hal_tim.o [1]
  .text               ro code  0x080299ea      0x2  stm32f4xx_hal_tim_ex.o [1]
  .text               ro code  0x080299ec      0x2  stm32f4xx_hal_tim.o [1]
  .text               ro code  0x080299ee      0x2  stm32f4xx_hal_tim_ex.o [1]
  .text               ro code  0x080299f0    0x5c0  stm32f4xx_hal_dma.o [1]
  .text               ro code  0x08029fb0      0x2  stm32f4xx_hal_uart.o [1]
  .text               ro code  0x08029fb4   0x1d3c  wifi_task.o [1]
  .text               ro code  0x0802bcf0      0x2  stm32f4xx_hal_uart.o [1]
  .text               ro code  0x0802bcf2      0x2  stm32f4xx_hal_uart.o [1]
  .text               ro code  0x0802bcf4     0x34  sprintf.o [3]
  .text               ro code  0x0802bd28      0x2  freertos.o [1]
  .text               ro code  0x0802bd2c      0x2  I64DivZer.o [5]
  .text               ro code  0x0802bd30    0xe54  client_task.o [1]
  .text               ro code  0x0802cb84    0x2d8  event_groups.o [1]
  .text               ro code  0x0802ce5c     0x36  strlen.o [5]
  .text               ro code  0x0802ce94     0x62  memcmp_unaligned.o [5]
  .text               ro code  0x0802cef8   0x119a  xprintffull.o [3]
  .text               ro code  0x0802e092     0x20  xmbtowc.o [3]
  .text               ro code  0x0802e0b4     0x16  strchr.o [5]
  .text               ro code  0x0802e0cc     0x58  memchr.o [5]
  .text               ro code  0x0802e124      0xa  xmbcurmax.o [3]
  .text               ro code  0x0802e130     0xb0  xxmemxmalloc.o [3]
  .text               ro code  0x0802e1e0     0x1a  xwctomb.o [3]
  .text               ro code  0x0802e1fc     0x80  xxmemxfree.o [3]
  .text               ro code  0x0802e27c     0x44  xdnorm.o [4]
  .text               ro code  0x0802e2c0     0x2e  DblCmpLe.o [4]
  .text               ro code  0x0802e2f0     0x2e  DblCmpGe.o [4]
  .text               ro code  0x0802e320    0x114  xdscale.o [4]
  .text               ro code  0x0802e434     0x58  DblToI32.o [4]
  .text               ro code  0x0802e48c     0x30  I32ToDbl.o [4]
  .text               ro code  0x0802e4bc    0x180  DblSub.o [4]
  .text               ro code  0x0802e63c    0x1a2  DblMul.o [4]
  .text               ro code  0x0802e7e0    0x256  DblDiv.o [4]
  .text               ro code  0x0802ea38     0x6c  localeconv.o [3]
  .text               ro code  0x0802eaa4      0xe  div.o [3]
  .text               ro code  0x0802eab4     0x14  setlocale.o [3]
  .text               ro code  0x0802eac8     0x60  xencoding_sb.o [3]
  .text               ro code  0x0802eb28     0x2c  xgetmemchunk.o [3]
  .text               ro code  0x0802eb54     0xd4  DblAdd.o [4]
  .text               ro code  0x0802ec28      0x2  xtls.o [3]
  .text               ro code  0x0802ec2c   0x109c  stm32f4xx_hal_dma_ex.o [1]
  .text               ro code  0x0802fcc8    0x696  stm32f4xx_hal_sd.o [1]
  .text               ro code  0x08030360    0x360  stm32f4xx_ll_sdmmc.o [1]
  .text               ro code  0x080306c0      0x2  stm32f4xx_hal_sd.o [1]
  .text               ro code  0x080306c2      0x2  stm32f4xx_hal_sd.o [1]
  .text               ro code  0x080306c4      0x2  stm32f4xx_hal_sd.o [1]
  .text               ro code  0x080306c6      0x2  stm32f4xx_hal_sd.o [1]
  .text               ro code  0x080306c8    0x424  camera_task.o [1]
  .text               ro code  0x08030aec    0x1f0  ov7670.o [1]
  .text               ro code  0x08030cdc    0x300  stm32f4xx_hal_dcmi.o [1]
  .text               ro code  0x08030fdc     0x4a  delay.o [1]
  .text               ro code  0x08031028    0x1ae  sccb.o [1]
  .text               ro code  0x080311d6      0x2  stm32f4xx_hal_dcmi.o [1]
  .text               ro code  0x080311d8      0x2  stm32f4xx_hal_dcmi.o [1]
  .text               ro code  0x080311da      0x2  stm32f4xx_hal_dcmi.o [1]
  .text               ro code  0x080311dc    0x204  lcd_driver.o [1]
  .rodata             const    0x080313e0    0x17c  ov7670.o [1]
  .text               ro code  0x0803155c    0x174  sd_diskio.o [1]
  .text               ro code  0x080316d0     0x74  bsp_driver_sd.o [1]
  .text               ro code  0x08031744     0xd4  stm32f4xx_it.o [1]
  .text               ro code  0x08031818     0xbc  display_task.o [1]
  .rodata             const    0x080318d4     0x80  ff.o [1]
  .text               ro code  0x08031954     0x70  system_stm32f4xx.o [1]
  .rodata             const    0x080319c4     0x60  camera_task.o [1]
  .rodata             const    0x08031a24     0x60  motor_task.o [1]
  .rodata             const    0x08031a84     0x5c  wifi_task.o [1]
  .rodata             const    0x08031ae0     0x58  stm32f4xx_hal_msp.o [1]
  .rodata             const    0x08031b38     0x50  ov7670.o [1]
  .rodata             const    0x08031b88     0x50  ov7670.o [1]
  .rodata             const    0x08031bd8     0x50  ov7670.o [1]
  .rodata             const    0x08031c28     0x50  ov7670.o [1]
  .rodata             const    0x08031c78     0x50  ov7670.o [1]
  .rodata             const    0x08031cc8     0x50  ov7670.o [1]
  .rodata             const    0x08031d18     0x4c  fatfs.o [1]
  .rodata             const    0x08031d64     0x4c  ov7670.o [1]
  .rodata             const    0x08031db0     0x48  main.o [1]
  .text               ro code  0x08031df8     0x40  zero_init3.o [5]
  .text               ro code  0x08031e38     0x38  packbits_init_single.o [5]
  .rodata             const    0x08031e70     0x30  wifi_task.o [1]
  .text               ro code  0x08031ea0     0x30  iarttio.o [6]
  .text               ro code  0x08031ed0      0x8  XShttio.o [3]
  .rodata             const    0x08031ed8     0x2c  wifi_task.o [1]
  .rodata             const    0x08031f04     0x2c  wifi_task.o [1]
  .rodata             const    0x08031f30     0x2c  wifi_task.o [1]
  .rodata             const    0x08031f5c     0x2c  wifi_task.o [1]
  .rodata             const    0x08031f88     0x28  wifi_task.o [1]
  .rodata             const    0x08031fb0     0x28  wifi_task.o [1]
  .rodata             const    0x08031fd8     0x28  wifi_task.o [1]
  .rodata             const    0x08032000     0x28  wifi_task.o [1]
  .rodata             const    0x08032028     0x28  wifi_task.o [1]
  .rodata             const    0x08032050     0x28  wifi_task.o [1]
  .rodata             const    0x08032078     0x28  wifi_task.o [1]
  .rodata             const    0x080320a0     0x28  wifi_task.o [1]
  .rodata             const    0x080320c8     0x28  wifi_task.o [1]
  .text               ro code  0x080320f0     0x28  data_init.o [5]
  .rodata             const    0x08032118     0x24  client_task.o [1]
  .rodata             const    0x0803213c     0x24  client_task.o [1]
  .rodata             const    0x08032160     0x24  fatfs.o [1]
  .rodata             const    0x08032184     0x24  wifi_task.o [1]
  .rodata             const    0x080321a8     0x24  wifi_task.o [1]
  .rodata             const    0x080321cc     0x24  wifi_task.o [1]
  .rodata             const    0x080321f0     0x24  wifi_task.o [1]
  .rodata             const    0x08032214     0x24  wifi_task.o [1]
  .rodata             const    0x08032238     0x24  wifi_task.o [1]
  .rodata             const    0x0803225c     0x24  wifi_task.o [1]
  .rodata             const    0x08032280     0x24  wifi_task.o [1]
  .rodata             const    0x080322a4     0x24  wifi_task.o [1]
  .rodata             const    0x080322c8     0x24  wifi_task.o [1]
  .rodata             const    0x080322ec     0x24  wifi_task.o [1]
  .text               ro code  0x08032310     0x22  fpinit_M.o [4]
  .iar.init_table     const    0x08032334     0x20  - Linker created -
  .rodata             const    0x08032354     0x20  camera_task.o [1]
  .rodata             const    0x08032374     0x20  client_task.o [1]
  .rodata             const    0x08032394     0x20  client_task.o [1]
  .rodata             const    0x080323b4     0x20  client_task.o [1]
  .rodata             const    0x080323d4     0x20  client_task.o [1]
  .rodata             const    0x080323f4     0x20  client_task.o [1]
  .rodata             const    0x08032414     0x20  motor_task.o [1]
  .rodata             const    0x08032434     0x20  motor_task.o [1]
  .rodata             const    0x08032454     0x20  motor_task.o [1]
  .rodata             const    0x08032474     0x20  motor_task.o [1]
  .rodata             const    0x08032494     0x20  motor_task.o [1]
  .rodata             const    0x080324b4     0x20  wifi_task.o [1]
  .rodata             const    0x080324d4     0x20  wifi_task.o [1]
  .rodata             const    0x080324f4     0x20  wifi_task.o [1]
  .rodata             const    0x08032514     0x20  wifi_task.o [1]
  .rodata             const    0x08032534     0x20  wifi_task.o [1]
  .rodata             const    0x08032554     0x20  wifi_task.o [1]
  .rodata             const    0x08032574     0x20  wifi_task.o [1]
  .rodata             const    0x08032594     0x20  wifi_task.o [1]
  .rodata             const    0x080325b4     0x20  wifi_task.o [1]
  .rodata             const    0x080325d4     0x20  wifi_task.o [1]
  .rodata             const    0x080325f4     0x20  wifi_task.o [1]
  .rodata             const    0x08032614     0x1c  camera_task.o [1]
  .rodata             const    0x08032630     0x1c  camera_task.o [1]
  .rodata             const    0x0803264c     0x1c  camera_task.o [1]
  .rodata             const    0x08032668     0x1c  client_task.o [1]
  .rodata             const    0x08032684     0x1c  client_task.o [1]
  .rodata             const    0x080326a0     0x1c  client_task.o [1]
  .rodata             const    0x080326bc     0x1c  client_task.o [1]
  .rodata             const    0x080326d8     0x1c  client_task.o [1]
  .rodata             const    0x080326f4     0x1c  client_task.o [1]
  .rodata             const    0x08032710     0x1c  client_task.o [1]
  .rodata             const    0x0803272c     0x1c  client_task.o [1]
  .rodata             const    0x08032748     0x1c  client_task.o [1]
  .rodata             const    0x08032764     0x1c  client_task.o [1]
  .rodata             const    0x08032780     0x1c  client_task.o [1]
  .rodata             const    0x0803279c     0x1c  motor_task.o [1]
  .rodata             const    0x080327b8     0x1c  wifi_task.o [1]
  .rodata             const    0x080327d4     0x1c  wifi_task.o [1]
  .rodata             const    0x080327f0     0x1c  wifi_task.o [1]
  .rodata             const    0x0803280c     0x1c  wifi_task.o [1]
  .rodata             const    0x08032828     0x1c  wifi_task.o [1]
  .rodata             const    0x08032844     0x1c  wifi_task.o [1]
  .rodata             const    0x08032860     0x1c  wifi_task.o [1]
  .rodata             const    0x0803287c     0x1c  wifi_task.o [1]
  .rodata             const    0x08032898     0x1c  wifi_task.o [1]
  .rodata             const    0x080328b4     0x1c  wifi_task.o [1]
  .text               ro code  0x080328d0     0x1a  cmain.o [5]
  .text               ro code  0x080328ea      0x4  low_level_init.o [3]
  .text               ro code  0x080328ee      0x4  exit.o [3]
  .text               ro code  0x080328f4      0xa  cexit.o [5]
  .text               ro code  0x08032900     0x14  exit.o [6]
  .rodata             const    0x08032914     0x18  camera_task.o [1]
  .rodata             const    0x0803292c     0x18  camera_task.o [1]
  .rodata             const    0x08032944     0x18  camera_task.o [1]
  .rodata             const    0x0803295c     0x18  camera_task.o [1]
  .rodata             const    0x08032974     0x18  client_task.o [1]
  .rodata             const    0x0803298c     0x18  client_task.o [1]
  .rodata             const    0x080329a4     0x18  client_task.o [1]
  .rodata             const    0x080329bc     0x18  client_task.o [1]
  .rodata             const    0x080329d4     0x18  client_task.o [1]
  .rodata             const    0x080329ec     0x18  client_task.o [1]
  .rodata             const    0x08032a04     0x18  client_task.o [1]
  .rodata             const    0x08032a1c     0x18  debug_task.o [1]
  .rodata             const    0x08032a34     0x18  debug_task.o [1]
  .rodata             const    0x08032a4c     0x18  display_task.o [1]
  .rodata             const    0x08032a64     0x18  main.o [1]
  .rodata             const    0x08032a7c     0x18  wifi_task.o [1]
  .rodata             const    0x08032a94     0x18  wifi_task.o [1]
  .rodata             const    0x08032aac     0x18  wifi_task.o [1]
  .rodata             const    0x08032ac4     0x18  wifi_task.o [1]
  .rodata             const    0x08032adc     0x18  wifi_task.o [1]
  .rodata             const    0x08032af4     0x18  wifi_task.o [1]
  .rodata             const    0x08032b0c     0x18  wifi_task.o [1]
  .rodata             const    0x08032b24     0x14  camera_task.o [1]
  .rodata             const    0x08032b38     0x14  camera_task.o [1]
  .rodata             const    0x08032b4c     0x14  camera_task.o [1]
  .rodata             const    0x08032b60     0x14  client_task.o [1]
  .rodata             const    0x08032b74     0x14  client_task.o [1]
  .rodata             const    0x08032b88     0x14  client_task.o [1]
  .rodata             const    0x08032b9c     0x14  client_task.o [1]
  .rodata             const    0x08032bb0     0x14  debug_task.o [1]
  .rodata             const    0x08032bc4     0x14  display_task.o [1]
  .rodata             const    0x08032bd8     0x14  display_task.o [1]
  .rodata             const    0x08032bec     0x14  ff.o [1]
  .rodata             const    0x08032c00     0x14  ff.o [1]
  .rodata             const    0x08032c14     0x14  main.o [1]
  .rodata             const    0x08032c28     0x14  motor_task.o [1]
  .rodata             const    0x08032c3c     0x14  ov7670.o [1]
  .rodata             const    0x08032c50     0x14  sd_diskio.o [1]
  .rodata             const    0x08032c64     0x14  wifi_task.o [1]
  .rodata             const    0x08032c78     0x14  wifi_task.o [1]
  .rodata             const    0x08032c8c     0x14  wifi_task.o [1]
  .rodata             const    0x08032ca0     0x14  wifi_task.o [1]
  .rodata             const    0x08032cb4     0x14  wifi_task.o [1]
  .rodata             const    0x08032cc8     0x14  wifi_task.o [1]
  .rodata             const    0x08032cdc     0x14  wifi_task.o [1]
  .rodata             const    0x08032cf0     0x14  wifi_task.o [1]
  .rodata             const    0x08032d04     0x14  wifi_task.o [1]
  .rodata             const    0x08032d18     0x10  client_task.o [1]
  .rodata             const    0x08032d28     0x10  client_task.o [1]
  .rodata             const    0x08032d38     0x10  client_task.o [1]
  .rodata             const    0x08032d48     0x10  display_task.o [1]
  .rodata             const    0x08032d58     0x10  ff.o [1]
  .rodata             const    0x08032d68     0x10  ff.o [1]
  .rodata             const    0x08032d78     0x10  ff.o [1]
  .rodata             const    0x08032d88     0x10  ov7670.o [1]
  .rodata             const    0x08032d98     0x10  system_stm32f4xx.o [1]
  .rodata             const    0x08032da8     0x10  wifi_task.o [1]
  .rodata             const    0x08032db8     0x10  wifi_task.o [1]
  .rodata             const    0x08032dc8     0x10  wifi_task.o [1]
  .rodata             const    0x08032dd8     0x10  wifi_task.o [1]
  .rodata             const    0x08032de8     0x10  wifi_task.o [1]
  .rodata             const    0x08032df8     0x10  wifi_task.o [1]
  .rodata             const    0x08032e08     0x10  wifi_task.o [1]
  .rodata             const    0x08032e18     0x10  wifi_task.o [1]
  .rodata             const    0x08032e28     0x10  wifi_task.o [1]
  .rodata             const    0x08032e38     0x10  wifi_task.o [1]
  .rodata             const    0x08032e48     0x10  wifi_task.o [1]
  .rodata             const    0x08032e58     0x10  wifi_task.o [1]
  .rodata             const    0x08032e68     0x10  wifi_task.o [1]
  .text               ro code  0x08032e78     0x10  startup_stm32f437xx.o [1]
  .rodata             const    0x08032e88      0xc  client_task.o [1]
  .rodata             const    0x08032e94      0xc  client_task.o [1]
  .rodata             const    0x08032ea0      0xc  debug_task.o [1]
  .rodata             const    0x08032eac      0xc  debug_task.o [1]
  .rodata             const    0x08032eb8      0xc  fatfs.o [1]
  .rodata             const    0x08032ec4      0xc  ff.o [1]
  .rodata             const    0x08032ed0      0xc  main.o [1]
  .rodata             const    0x08032edc      0xc  wifi_task.o [1]
  .rodata             const    0x08032ee8      0xc  wifi_task.o [1]
  .rodata             const    0x08032ef4      0xc  wifi_task.o [1]
  .rodata             const    0x08032f00      0xc  wifi_task.o [1]
  .rodata             const    0x08032f0c      0xc  wifi_task.o [1]
  .rodata             const    0x08032f18      0xc  wifi_task.o [1]
  .rodata             const    0x08032f24      0xc  wifi_task.o [1]
  .rodata             const    0x08032f30      0xc  wifi_task.o [1]
  .text               ro code  0x08032f3c      0xc  cstartup_M.o [5]
  .rodata             const    0x08032f48      0x8  main.o [1]
  .rodata             const    0x08032f50      0x8  main.o [1]
  .rodata             const    0x08032f58      0x8  main.o [1]
  .rodata             const    0x08032f60      0x8  main.o [1]
  .rodata             const    0x08032f68      0x8  main.o [1]
  .rodata             const    0x08032f70      0x8  main.o [1]
  .rodata             const    0x08032f78      0x8  main.o [1]
  .rodata             const    0x08032f80      0x8  stm32f4xx_hal_dma.o [1]
  .rodata             const    0x08032f88      0x8  system_stm32f4xx.o [1]
  .rodata             const    0x08032f90      0x8  tasks.o [1]
  .rodata             const    0x08032f98      0x8  timers.o [1]
  .rodata             const    0x08032fa0      0x8  timers.o [1]
  .rodata             const    0x08032fa8      0x8  wifi_task.o [1]
  .rodata             const    0x08032fb0      0x8  wifi_task.o [1]
  .rodata             const    0x08032fb8      0x8  wifi_task.o [1]
  .rodata             const    0x08032fc0      0x8  wifi_task.o [1]
  .rodata             const    0x08032fc8      0x8  wifi_task.o [1]
  .rodata             const    0x08032fd0      0x8  wifi_task.o [1]
  .rodata             const    0x08032fd8      0x8  wifi_task.o [1]
  .rodata             const    0x08032fe0      0x4  heap_4.o [1]
  .rodata             const    0x08032fe4      0x4  port.o [1]
  .rodata             const    0x08032fe8      0x4  syscall.o [1]
  .rodata             const    0x08032fec      0x4  wifi_task.o [1]
  .rodata             const    0x08032ff0      0x4  wifi_task.o [1]
  .rodata             const    0x08032ff4      0x4  wifi_task.o [1]
  .rodata             const    0x08032ff8      0x4  wifi_task.o [1]
  .rodata             const    0x08032ffc      0x4  wifi_task.o [1]
  .rodata             const    0x08033000      0x4  wifi_task.o [1]
  .rodata             const    0x08033004      0x4  wifi_task.o [1]
  .rodata             const    0x08033008      0x4  wifi_task.o [1]
  .rodata             const    0x0803300c      0x4  wifi_task.o [1]
  .rodata             const    0x08033010      0x4  wifi_task.o [1]
  .rodata             const    0x08033014      0x4  wifi_task.o [1]
  .rodata             const    0x08033018      0x4  wifi_task.o [1]
  .rodata             const    0x0803301c      0x4  wifi_task.o [1]
  .rodata             const    0x08033020      0x4  wifi_task.o [1]
  .rodata             const    0x08033024      0x4  wifi_task.o [1]
  .rodata             const    0x08033028      0x4  wifi_task.o [1]
  .text               ro code  0x0803302c      0x4  startup_stm32f437xx.o [1]
  .text               ro code  0x08033030      0x4  startup_stm32f437xx.o [1]
  .text               ro code  0x08033034      0x4  startup_stm32f437xx.o [1]
  .text               ro code  0x08033038      0x4  startup_stm32f437xx.o [1]
  .text               ro code  0x0803303c      0x4  startup_stm32f437xx.o [1]
  .text               ro code  0x08033040      0x4  startup_stm32f437xx.o [1]
  .text               ro code  0x08033044      0x4  startup_stm32f437xx.o [1]
  .text               ro code  0x08033048      0x4  startup_stm32f437xx.o [1]
  .text               ro code  0x0803304c      0x4  startup_stm32f437xx.o [1]
  .text               ro code  0x08033050      0x4  startup_stm32f437xx.o [1]
  .text               ro code  0x08033054      0x4  startup_stm32f437xx.o [1]
  .text               ro code  0x08033058      0x4  startup_stm32f437xx.o [1]
  .text               ro code  0x0803305c      0x4  startup_stm32f437xx.o [1]
  .text               ro code  0x08033060      0x4  startup_stm32f437xx.o [1]
  .text               ro code  0x08033064      0x4  startup_stm32f437xx.o [1]
  .text               ro code  0x08033068      0x4  startup_stm32f437xx.o [1]
  .text               ro code  0x0803306c      0x4  startup_stm32f437xx.o [1]
  .text               ro code  0x08033070      0x4  startup_stm32f437xx.o [1]
  .text               ro code  0x08033074      0x4  startup_stm32f437xx.o [1]
  .text               ro code  0x08033078      0x4  startup_stm32f437xx.o [1]
  .text               ro code  0x0803307c      0x4  startup_stm32f437xx.o [1]
  .text               ro code  0x08033080      0x4  startup_stm32f437xx.o [1]
  .text               ro code  0x08033084      0x4  startup_stm32f437xx.o [1]
  .text               ro code  0x08033088      0x4  startup_stm32f437xx.o [1]
  .text               ro code  0x0803308c      0x4  startup_stm32f437xx.o [1]
  .text               ro code  0x08033090      0x4  startup_stm32f437xx.o [1]
  .text               ro code  0x08033094      0x4  startup_stm32f437xx.o [1]
  .text               ro code  0x08033098      0x4  startup_stm32f437xx.o [1]
  .text               ro code  0x0803309c      0x4  startup_stm32f437xx.o [1]
  .text               ro code  0x080330a0      0x4  startup_stm32f437xx.o [1]
  .text               ro code  0x080330a4      0x4  startup_stm32f437xx.o [1]
  .text               ro code  0x080330a8      0x4  startup_stm32f437xx.o [1]
  .text               ro code  0x080330ac      0x4  startup_stm32f437xx.o [1]
  .text               ro code  0x080330b0      0x4  startup_stm32f437xx.o [1]
  .text               ro code  0x080330b4      0x4  startup_stm32f437xx.o [1]
  .text               ro code  0x080330b8      0x4  startup_stm32f437xx.o [1]
  .text               ro code  0x080330bc      0x4  startup_stm32f437xx.o [1]
  .text               ro code  0x080330c0      0x4  startup_stm32f437xx.o [1]
  .text               ro code  0x080330c4      0x4  startup_stm32f437xx.o [1]
  .text               ro code  0x080330c8      0x4  startup_stm32f437xx.o [1]
  .text               ro code  0x080330cc      0x4  startup_stm32f437xx.o [1]
  .text               ro code  0x080330d0      0x4  startup_stm32f437xx.o [1]
  .text               ro code  0x080330d4      0x4  startup_stm32f437xx.o [1]
  .text               ro code  0x080330d8      0x4  startup_stm32f437xx.o [1]
  .text               ro code  0x080330dc      0x4  startup_stm32f437xx.o [1]
  .text               ro code  0x080330e0      0x4  startup_stm32f437xx.o [1]
  .text               ro code  0x080330e4      0x4  startup_stm32f437xx.o [1]
  .text               ro code  0x080330e8      0x4  startup_stm32f437xx.o [1]
  .text               ro code  0x080330ec      0x4  startup_stm32f437xx.o [1]
  .text               ro code  0x080330f0      0x4  startup_stm32f437xx.o [1]
  .text               ro code  0x080330f4      0x4  startup_stm32f437xx.o [1]
  .text               ro code  0x080330f8      0x4  startup_stm32f437xx.o [1]
  .text               ro code  0x080330fc      0x4  startup_stm32f437xx.o [1]
  .text               ro code  0x08033100      0x4  startup_stm32f437xx.o [1]
  .text               ro code  0x08033104      0x4  startup_stm32f437xx.o [1]
  .text               ro code  0x08033108      0x4  startup_stm32f437xx.o [1]
  .text               ro code  0x0803310c      0x4  startup_stm32f437xx.o [1]
  .text               ro code  0x08033110      0x4  startup_stm32f437xx.o [1]
  .text               ro code  0x08033114      0x4  startup_stm32f437xx.o [1]
  .text               ro code  0x08033118      0x4  startup_stm32f437xx.o [1]
  .text               ro code  0x0803311c      0x4  startup_stm32f437xx.o [1]
  .text               ro code  0x08033120      0x4  startup_stm32f437xx.o [1]
  .text               ro code  0x08033124      0x4  startup_stm32f437xx.o [1]
  .text               ro code  0x08033128      0x4  startup_stm32f437xx.o [1]
  .text               ro code  0x0803312c      0x4  startup_stm32f437xx.o [1]
  .text               ro code  0x08033130      0x4  startup_stm32f437xx.o [1]
  .text               ro code  0x08033134      0x4  startup_stm32f437xx.o [1]
  .text               ro code  0x08033138      0x4  startup_stm32f437xx.o [1]
  .text               ro code  0x0803313c      0x4  startup_stm32f437xx.o [1]
  .text               ro code  0x08033140      0x4  startup_stm32f437xx.o [1]
  .text               ro code  0x08033144      0x4  startup_stm32f437xx.o [1]
  .text               ro code  0x08033148      0x4  startup_stm32f437xx.o [1]
  .text               ro code  0x0803314c      0x4  startup_stm32f437xx.o [1]
  .text               ro code  0x08033150      0x4  startup_stm32f437xx.o [1]
  .text               ro code  0x08033154      0x4  startup_stm32f437xx.o [1]
  .text               ro code  0x08033158      0x4  startup_stm32f437xx.o [1]
  .rodata             const    0x0803315c      0x0  zero_init3.o [5]
  .rodata             const    0x0803315c      0x0  packbits_init_single.o [5]
  Initializer bytes   const    0x0803315c     0x18  <for P2-1>
                             - 0x08033174  0x12fc8

"P2", part 1 of 3:                           0x10e
  P2-1                         0x20000000    0x10e  <Init block>
    .data             inited   0x20000000      0x4  port.o [1]
    .data             inited   0x20000004      0x4  system_stm32f4xx.o [1]
    .data             inited   0x20000008      0x8  XShttio.o [3]
    __DLIB_PERTHREAD  inited   0x20000010     0x88  localeconv.o [3]
    __DLIB_PERTHREAD  inited   0x20000098     0x74  setlocale.o [3]
    .data             inited   0x2000010c      0x1  sd_diskio.o [1]
    .data             inited   0x2000010d      0x1  wifi_task.o [1]
                             - 0x2000010e    0x10e

"P2", part 2 of 3:                          0x1000
  CSTACK                       0x20000110    0x800  <Block>
    CSTACK            uninit   0x20000110    0x800  <Block tail>
  HEAP                         0x20000910    0x800  <Block>
    HEAP              uninit   0x20000910    0x800  <Block tail>
                             - 0x20001110   0x1000

"P2", part 3 of 3:                         0x1bae0
  .bss                zero     0x20001110  0x14034  camera_task.o [1]
  .bss                zero     0x20015144   0x3c00  heap_4.o [1]
  .bss                zero     0x20018d44   0x1034  fatfs.o [1]
  .bss                zero     0x20019d78   0x1030  fatfs.o [1]
  .bss                zero     0x2001ada8   0x1000  fatfs.o [1]
  .bss                zero     0x2001bda8    0x3f8  wifi_task.o [1]
  .bss                zero     0x2001c1a0    0x10c  memory.o [1]
  .bss                zero     0x2001c2ac     0xc8  tasks.o [1]
  .bss                zero     0x2001c374     0x84  main.o [1]
  .bss                zero     0x2001c3f8     0x80  wifi_task.o [1]
  .bss                zero     0x2001c478     0x80  wifi_task.o [1]
  .bss                zero     0x2001c4f8     0x60  main.o [1]
  .bss                zero     0x2001c558     0x60  main.o [1]
  .bss                zero     0x2001c5b8     0x60  main.o [1]
  .bss                zero     0x2001c618     0x60  main.o [1]
  .bss                zero     0x2001c678     0x60  main.o [1]
  .bss                zero     0x2001c6d8     0x54  main.o [1]
  .bss                zero     0x2001c72c     0x40  main.o [1]
  .bss                zero     0x2001c76c     0x40  main.o [1]
  .bss                zero     0x2001c7ac     0x40  main.o [1]
  .bss                zero     0x2001c7ec     0x40  queue.o [1]
  .bss                zero     0x2001c82c     0x3c  main.o [1]
  .bss                zero     0x2001c868     0x3c  main.o [1]
  .bss                zero     0x2001c8a4     0x3c  main.o [1]
  .bss                zero     0x2001c8e0     0x3c  stm32f4xx_hal_timebase_TIM.o [1]
  .bss                zero     0x2001c91c     0x34  camera_task.o [1]
  .bss                zero     0x2001c950     0x34  wifi_task.o [1]
  .bss                zero     0x2001c984     0x2c  motor_task.o [1]
  .bss                zero     0x2001c9b0     0x20  ff.o [1]
  .bss                zero     0x2001c9d0     0x20  main.o [1]
  .bss                zero     0x2001c9f0     0x20  stm32f4xx_hal_flash.o [1]
  .bss                zero     0x2001ca10     0x18  memory.o [1]
  .bss                zero     0x2001ca28     0x14  main.o [1]
  .bss                zero     0x2001ca3c     0x14  tasks.o [1]
  .bss                zero     0x2001ca50     0x14  tasks.o [1]
  .bss                zero     0x2001ca64     0x14  tasks.o [1]
  .bss                zero     0x2001ca78     0x14  tasks.o [1]
  .bss                zero     0x2001ca8c     0x14  tasks.o [1]
  .bss                zero     0x2001caa0     0x14  timers.o [1]
  .bss                zero     0x2001cab4     0x14  timers.o [1]
  .bss                zero     0x2001cac8     0x14  wifi_task.o [1]
  .bss                zero     0x2001cadc     0x10  wifi_task.o [1]
  .bss                zero     0x2001caec      0xc  client_task.o [1]
  .bss                zero     0x2001caf8      0xc  client_task.o [1]
  .bss                zero     0x2001cb04      0xc  client_task.o [1]
  .bss                zero     0x2001cb10      0xc  ff_gen_drv.o [1]
  .bss                zero     0x2001cb1c      0x8  heap_4.o [1]
  .bss                zero     0x2001cb24      0x8  wifi_task.o [1]
  .bss                zero     0x2001cb2c      0x8  xxmemxmalloc.o [3]
  .bss                zero     0x2001cb34      0x4  camera_task.o [1]
  .bss                zero     0x2001cb38      0x4  client_task.o [1]
  .bss                zero     0x2001cb3c      0x4  client_task.o [1]
  .bss                zero     0x2001cb40      0x4  debug_task.o [1]
  .bss                zero     0x2001cb44      0x4  debug_task.o [1]
  .bss                zero     0x2001cb48      0x4  debug_task.o [1]
  .bss                zero     0x2001cb4c      0x4  debug_task.o [1]
  .bss                zero     0x2001cb50      0x4  delay.o [1]
  .bss                zero     0x2001cb54      0x4  display_task.o [1]
  .bss                zero     0x2001cb58      0x4  fatfs.o [1]
  .bss                zero     0x2001cb5c      0x4  ff.o [1]
  .bss                zero     0x2001cb60      0x4  heap_4.o [1]
  .bss                zero     0x2001cb64      0x4  heap_4.o [1]
  .bss                zero     0x2001cb68      0x4  heap_4.o [1]
  .bss                zero     0x2001cb6c      0x4  heap_4.o [1]
  .bss                zero     0x2001cb70      0x4  main.o [1]
  .bss                zero     0x2001cb74      0x4  main.o [1]
  .bss                zero     0x2001cb78      0x4  port.o [1]
  .bss                zero     0x2001cb7c      0x4  sd_diskio.o [1]
  .bss                zero     0x2001cb80      0x4  stm32f4xx_hal.o [1]
  .bss                zero     0x2001cb84      0x4  tasks.o [1]
  .bss                zero     0x2001cb88      0x4  tasks.o [1]
  .bss                zero     0x2001cb8c      0x4  tasks.o [1]
  .bss                zero     0x2001cb90      0x4  tasks.o [1]
  .bss                zero     0x2001cb94      0x4  tasks.o [1]
  .bss                zero     0x2001cb98      0x4  tasks.o [1]
  .bss                zero     0x2001cb9c      0x4  tasks.o [1]
  .bss                zero     0x2001cba0      0x4  tasks.o [1]
  .bss                zero     0x2001cba4      0x4  tasks.o [1]
  .bss                zero     0x2001cba8      0x4  tasks.o [1]
  .bss                zero     0x2001cbac      0x4  tasks.o [1]
  .bss                zero     0x2001cbb0      0x4  tasks.o [1]
  .bss                zero     0x2001cbb4      0x4  tasks.o [1]
  .bss                zero     0x2001cbb8      0x4  tasks.o [1]
  .bss                zero     0x2001cbbc      0x4  tasks.o [1]
  .bss                zero     0x2001cbc0      0x4  timers.o [1]
  .bss                zero     0x2001cbc4      0x4  timers.o [1]
  .bss                zero     0x2001cbc8      0x4  timers.o [1]
  .bss                zero     0x2001cbcc      0x4  timers.o [1]
  .bss                zero     0x2001cbd0      0x4  timers.o [1]
  .bss                zero     0x2001cbd4      0x4  wifi_task.o [1]
  .bss                zero     0x2001cbd8      0x4  xgetmemchunk.o [3]
  .bss                zero     0x2001cbdc      0x2  delay.o [1]
  .bss                zero     0x2001cbde      0x2  ff.o [1]
  .bss                zero     0x2001cbe0      0x2  wifi_task.o [1]
  .bss                zero     0x2001cbe2      0x2  wifi_task.o [1]
  .bss                zero     0x2001cbe4      0x2  wifi_task.o [1]
  .bss                zero     0x2001cbe6      0x2  wifi_task.o [1]
  .bss                zero     0x2001cbe8      0x1  fatfs.o [1]
  .bss                zero     0x2001cbe9      0x1  port.o [1]
  .bss                zero     0x2001cbea      0x1  wifi_task.o [1]
  .bss                zero     0x2001cbeb      0x1  wifi_task.o [1]
  .bss                zero     0x2001cbec      0x1  wifi_task.o [1]
  .bss                zero     0x2001cbed      0x1  wifi_task.o [1]
  .bss                zero     0x2001cbee      0x1  wifi_task.o [1]
  .bss                zero     0x2001cbef      0x1  wifi_task.o [1]
                             - 0x2001cbf0  0x1bae0


*******************************************************************************
*** INIT TABLE
***

          Address     Size
          -------     ----
Zero (__iar_zero_init3)
    1 destination range, total size 0x1bae0:
          0x20001110  0x1bae0

Copy/packbits (__iar_packbits_init_single3)
    1 source range, total size 0x18 (8% of destination):
          0x0803315c     0x18
    1 destination range, total size 0x10e:
          0x20000000    0x10e



*******************************************************************************
*** MODULE SUMMARY
***

    Module                        ro code  ro data  rw data
    ------                        -------  -------  -------
E:\F2_OSRAM\O06_Private\WiFi_Camera_Prj\WiFi_Camera_Firmware\EWARM\WiFi_Camera\Obj: [1]
    bsp_driver_sd.o                   116
    camera_task.o                   1 060      368   82 028
    client_task.o                   3 668      860       44
    cmsis_os.o                        636
    debug_task.o                      376       92       16
    delay.o                            74                 6
    diskio.o                          248
    display_task.o                    188       80        4
    event_groups.o                    728
    fatfs.o                           328      124   12 393
    ff.o                            8 712      228       38
    ff_gen_drv.o                      204                12
    freertos.o                          4
    heap_4.o                          664        4   15 384
    lcd_driver.o                      516
    list.o                            158
    main.o                          2 606      184    1 128
    memory.o                        1 312               292
    motor_task.o                    1 948      304       44
    ov7670.o                          496      972
    port.o                            604        4        9
    portasm.o                         168
    queue.o                         2 444                64
    sccb.o                            430
    sd_diskio.o                       372       20        5
    startup_stm32f437xx.o             748
    stm32f4xx_hal.o                   122                 4
    stm32f4xx_hal_cortex.o            428
    stm32f4xx_hal_dcmi.o              774
    stm32f4xx_hal_dcmi_ex.o           136
    stm32f4xx_hal_dma.o             1 472        8
    stm32f4xx_hal_dma_ex.o          4 252
    stm32f4xx_hal_flash.o             644                32
    stm32f4xx_hal_flash_ex.o          560
    stm32f4xx_hal_gpio.o            1 038
    stm32f4xx_hal_i2c.o               304
    stm32f4xx_hal_msp.o             1 588       88
    stm32f4xx_hal_pwr_ex.o            128
    stm32f4xx_hal_rcc.o             1 520
    stm32f4xx_hal_rcc_ex.o            688
    stm32f4xx_hal_rtc.o             1 090
    stm32f4xx_hal_rtc_ex.o             38
    stm32f4xx_hal_sd.o              1 694
    stm32f4xx_hal_tim.o             2 314
    stm32f4xx_hal_tim_ex.o             94
    stm32f4xx_hal_timebase_TIM.o      152                60
    stm32f4xx_hal_uart.o            2 670
    stm32f4xx_it.o                    212
    stm32f4xx_ll_sdmmc.o              864
    syscall.o                          98        4
    system_stm32f4xx.o                112       24        4
    tasks.o                         3 156        8      360
    timers.o                        1 324       16       60
    wifi_task.o                     7 484    2 477    1 387
    -------------------------------------------------------
    Total:                         63 764    5 865  113 374

command line: [2]
    -------------------------------------------------------
    Total:

dl7M_tlf.a: [3]
    XShttio.o                           8        1        8
    div.o                              14
    exit.o                              4
    localeconv.o                      108       12      136
    low_level_init.o                    4
    setlocale.o                        20       10      116
    sprintf.o                          52
    xencoding_sb.o                     96
    xgetmemchunk.o                     44                 4
    xmbcurmax.o                        10
    xmbtowc.o                          32
    xprintffull.o                   4 506
    xsprout.o                          10
    xtls.o                              2
    xwctomb.o                          26
    xxmemxfree.o                      128
    xxmemxmalloc.o                    176                 8
    -------------------------------------------------------
    Total:                          5 240       23      272

m7M_tls.a: [4]
    DblAdd.o                          212
    DblCmpGe.o                         46
    DblCmpLe.o                         46
    DblDiv.o                          598
    DblMul.o                          418
    DblSub.o                          384
    DblToI32.o                         88
    I32ToDbl.o                         48
    fpinit_M.o                         34
    xdnorm.o                           68
    xdscale.o                         276
    -------------------------------------------------------
    Total:                          2 218

rt7M_tl.a: [5]
    ABImemcpy_unaligned.o             118
    ABImemset.o                       102
    I64DivMod.o                       238
    I64DivZer.o                         2
    cexit.o                            10
    cmain.o                            26
    cstartup_M.o                       12
    data_init.o                        40
    memchr.o                           88
    memcmp_unaligned.o                 98
    packbits_init_single.o             56
    strchr.o                           22
    strlen.o                           54
    zero_init3.o                       64
    -------------------------------------------------------
    Total:                            930

shb_l.a: [6]
    exit.o                             20
    iarttio.o                          48
    -------------------------------------------------------
    Total:                             68

    Gaps                               54        2
    Linker created                              32    4 096
-----------------------------------------------------------
    Grand Total:                   72 274    5 922  117 742


*******************************************************************************
*** ENTRY LIST
***

Entry                      Address     Size  Type      Object
-----                      -------     ----  ----      ------
.iar.init_table$$Base   0x08032334            --   Gb  - Linker created -
.iar.init_table$$Limit  0x08032354            --   Gb  - Linker created -
?main                   0x080328d1           Code  Gb  cmain.o [5]
AHBPrescTable           0x08032d98     0x10  Data  Gb  system_stm32f4xx.o [1]
APBPrescTable           0x08032f88      0x8  Data  Gb  system_stm32f4xx.o [1]
BSP_SD_GetCardInfo      0x0803172f      0xe  Code  Gb  bsp_driver_sd.o [1]
BSP_SD_GetCardState     0x08031719     0x16  Code  Gb  bsp_driver_sd.o [1]
BSP_SD_ReadBlocks_DMA   0x080316d1     0x24  Code  Gb  bsp_driver_sd.o [1]
BSP_SD_WriteBlocks_DMA  0x080316f5     0x24  Code  Gb  bsp_driver_sd.o [1]
BusFault_Handler        0x0803174b      0x2  Code  Gb  stm32f4xx_it.o [1]
CRC16_CCITT             0x08024f39     0x66  Code  Gb  memory.o [1]
CSTACK$$Base            0x20000110            --   Gb  - Linker created -
CSTACK$$Limit           0x20000910            --   Gb  - Linker created -
Camera_DCMI_Init        0x080309b9     0x4e  Code  Gb  camera_task.o [1]
Camera_PhotoTask        0x080306c9    0x1d2  Code  Gb  camera_task.o [1]
Camera_SaveTask         0x0803089b    0x11e  Code  Gb  camera_task.o [1]
Client_CommTask         0x0802bd31     0x68  Code  Gb  client_task.o [1]
Client_DataAnalyzer     0x0802bd99    0x136  Code  Gb  client_task.o [1]
Client_FactoryNew       0x0802ca2d     0x6e  Code  Gb  client_task.o [1]
Client_FeedbackError    0x0802caad      0xc  Code  Gb  client_task.o [1]
Client_FeedbackOK       0x0802ca9b      0xc  Code  Gb  client_task.o [1]
Client_GetCameraImage   0x0802c107     0x20  Code  Gb  client_task.o [1]
Client_GetFirmwareVersion
                        0x0802c1b1     0x4a  Code  Gb  client_task.o [1]
Client_GetMacAddress    0x0802c0a7     0x60  Code  Gb  client_task.o [1]
Client_GetState         0x0802c127     0x8a  Code  Gb  client_task.o [1]
Client_OtaBinData       0x0802c8c9     0xd4  Code  Gb  client_task.o [1]
Client_OtaUpdateRequest
                        0x0802c801     0xb8  Code  Gb  client_task.o [1]
Client_OtaVerify        0x0802c99d     0x8c  Code  Gb  client_task.o [1]
Client_RequestHandler   0x0802becf     0xd0  Code  Gb  client_task.o [1]
Client_RespondHandler   0x0802bf9f    0x108  Code  Gb  client_task.o [1]
Client_SetMotor         0x0802c51d     0x94  Code  Gb  client_task.o [1]
Client_SetSchedule      0x0802c677    0x18a  Code  Gb  client_task.o [1]
Client_SetTime          0x0802c5b1     0xc6  Code  Gb  client_task.o [1]
Client_SetWebAccount    0x0802c1fb    0x1fa  Code  Gb  client_task.o [1]
Client_SetWifi          0x0802c3f5    0x128  Code  Gb  client_task.o [1]
DBG_PrintFreeHeapSize   0x0802816f     0x4c  Code  Gb  debug_task.o [1]
DBG_PrintFreeHeapSize::pre_free_size
                        0x2001cb48      0x4  Data  Lc  debug_task.o [1]
DBG_PrintFreeHeapSize::pre_mini_size
                        0x2001cb4c      0x4  Data  Lc  debug_task.o [1]
DBG_PrintMessage        0x08028207     0x2e  Code  Gb  debug_task.o [1]
DBG_PrintTask           0x080280e5     0x80  Code  Gb  debug_task.o [1]
DBG_SendMessage         0x080281bb     0x4c  Code  Gb  debug_task.o [1]
DCMI_DMAError           0x08030fc1     0x1c  Code  Lc  stm32f4xx_hal_dcmi.o [1]
DCMI_DMAXferCplt        0x08030f01     0xc0  Code  Lc  stm32f4xx_hal_dcmi.o [1]
DCMI_IRQHandler         0x080317d9      0xa  Code  Gb  stm32f4xx_it.o [1]
DMA2_Stream1_IRQHandler
                        0x080317a7      0xa  Code  Gb  stm32f4xx_it.o [1]
DMA2_Stream2_IRQHandler
                        0x080317b1      0xa  Code  Gb  stm32f4xx_it.o [1]
DMA2_Stream3_IRQHandler
                        0x080317bb      0xa  Code  Gb  stm32f4xx_it.o [1]
DMA2_Stream6_IRQHandler
                        0x080317c5      0xa  Code  Gb  stm32f4xx_it.o [1]
DMA2_Stream7_IRQHandler
                        0x080317cf      0xa  Code  Gb  stm32f4xx_it.o [1]
DMA_CalcBaseAndBitshift
                        0x08029ed7     0x30  Code  Lc  stm32f4xx_hal_dma.o [1]
DMA_CalcBaseAndBitshift::flagBitshiftOffset
                        0x08032f80      0x8  Data  Lc  stm32f4xx_hal_dma.o [1]
DMA_CheckFifoParam      0x08029f15     0x9c  Code  Lc  stm32f4xx_hal_dma.o [1]
DMA_MultiBufferSetConfig
                        0x0802fca7     0x22  Code  Lc  stm32f4xx_hal_dma_ex.o [1]
DMA_SetConfig           0x08029ea9     0x2e  Code  Lc  stm32f4xx_hal_dma.o [1]
DebugMon_Handler        0x0803174f      0x2  Code  Gb  stm32f4xx_it.o [1]
Disp_ShowTask           0x08031819     0xbc  Code  Gb  display_task.o [1]
EXTI9_5_IRQHandler      0x08031759      0xc  Code  Gb  stm32f4xx_it.o [1]
ExCvt                   0x080318d4     0x80  Data  Lc  ff.o [1]
FATFS_LinkDriver        0x08022935     0x12  Code  Gb  ff_gen_drv.o [1]
FATFS_LinkDriverEx      0x080228dd     0x58  Code  Gb  ff_gen_drv.o [1]
FATFS_UnLinkDriver      0x08022995      0xe  Code  Gb  ff_gen_drv.o [1]
FATFS_UnLinkDriverEx    0x08022947     0x4e  Code  Gb  ff_gen_drv.o [1]
FLASH_Erase_Sector      0x080297b7     0x8e  Code  Gb  stm32f4xx_hal_flash_ex.o [1]
FLASH_FlushCaches       0x08029845     0x72  Code  Gb  stm32f4xx_hal_flash_ex.o [1]
FLASH_MassErase         0x0802974f     0x68  Code  Lc  stm32f4xx_hal_flash_ex.o [1]
FLASH_Program_Byte      0x080295bd     0x24  Code  Lc  stm32f4xx_hal_flash.o [1]
FLASH_Program_DoubleWord
                        0x0802953d     0x30  Code  Lc  stm32f4xx_hal_flash.o [1]
FLASH_Program_HalfWord  0x08029595     0x28  Code  Lc  stm32f4xx_hal_flash.o [1]
FLASH_Program_Word      0x0802956d     0x28  Code  Lc  stm32f4xx_hal_flash.o [1]
FLASH_SetErrorCode      0x080295e1     0xa0  Code  Lc  stm32f4xx_hal_flash.o [1]
FLASH_WaitForLastOperation
                        0x080294e7     0x56  Code  Gb  stm32f4xx_hal_flash.o [1]
FatFs                   0x2001cb5c      0x4  Data  Lc  ff.o [1]
Files                   0x2001c9b0     0x20  Data  Lc  ff.o [1]
Fsid                    0x2001cbde      0x2  Data  Lc  ff.o [1]
GPIO_in                 0x080311b3     0x24  Code  Gb  sccb.o [1]
GPIO_out                0x0803118f     0x24  Code  Gb  sccb.o [1]
HAL_DCMI_DeInit         0x08030cdd     0x1e  Code  Gb  stm32f4xx_hal_dcmi.o [1]
HAL_DCMI_ErrorCallback  0x080311db      0x2  Code  Wk  stm32f4xx_hal_dcmi.o [1]
HAL_DCMI_FrameEventCallback
                        0x080311d9      0x2  Code  Wk  stm32f4xx_hal_dcmi.o [1]
HAL_DCMI_IRQHandler     0x08030e61     0xa0  Code  Gb  stm32f4xx_hal_dcmi.o [1]
HAL_DCMI_Init           0x08025cb9     0x88  Code  Gb  stm32f4xx_hal_dcmi_ex.o [1]
HAL_DCMI_LineEventCallback
                        0x080311d7      0x2  Code  Wk  stm32f4xx_hal_dcmi.o [1]
HAL_DCMI_MspDeInit      0x08026e2d     0x6c  Code  Gb  stm32f4xx_hal_msp.o [1]
HAL_DCMI_MspInit        0x08026c97    0x196  Code  Gb  stm32f4xx_hal_msp.o [1]
HAL_DCMI_Start_DMA      0x08030cfb     0xe6  Code  Gb  stm32f4xx_hal_dcmi.o [1]
HAL_DCMI_Stop           0x08030de1     0x7c  Code  Gb  stm32f4xx_hal_dcmi.o [1]
HAL_DCMI_VsyncEventCallback
                        0x08030a07     0x7c  Code  Gb  camera_task.o [1]
HAL_DMAEx_ChangeMemory  0x0802fc91     0x16  Code  Gb  stm32f4xx_hal_dma_ex.o [1]
HAL_DMAEx_MultiBufferStart_IT
                        0x0802ec2d   0x1018  Code  Gb  stm32f4xx_hal_dma_ex.o [1]
HAL_DMA_Abort           0x08029bdb     0x9c  Code  Gb  stm32f4xx_hal_dma.o [1]
HAL_DMA_Abort_IT        0x08029c77     0x28  Code  Gb  stm32f4xx_hal_dma.o [1]
HAL_DMA_DeInit          0x08029ad7     0x6c  Code  Gb  stm32f4xx_hal_dma.o [1]
HAL_DMA_IRQHandler      0x08029c9f    0x20a  Code  Gb  stm32f4xx_hal_dma.o [1]
HAL_DMA_Init            0x080299f1     0xe6  Code  Gb  stm32f4xx_hal_dma.o [1]
HAL_DMA_Start_IT        0x08029b43     0x98  Code  Gb  stm32f4xx_hal_dma.o [1]
HAL_Delay               0x080298c9     0x1e  Code  Wk  stm32f4xx_hal.o [1]
HAL_FLASHEx_Erase       0x08029699     0xb6  Code  Gb  stm32f4xx_hal_flash_ex.o [1]
HAL_FLASH_Lock          0x080294d7     0x10  Code  Gb  stm32f4xx_hal_flash.o [1]
HAL_FLASH_Program       0x08029415     0x9c  Code  Gb  stm32f4xx_hal_flash.o [1]
HAL_FLASH_Unlock        0x080294b1     0x26  Code  Gb  stm32f4xx_hal_flash.o [1]
HAL_GPIO_DeInit         0x08027ecf    0x176  Code  Gb  stm32f4xx_hal_gpio.o [1]
HAL_GPIO_EXTI_Callback  0x080280e1      0x2  Code  Wk  stm32f4xx_hal_gpio.o [1]
HAL_GPIO_EXTI_IRQHandler
                        0x0802807b     0x1e  Code  Gb  stm32f4xx_hal_gpio.o [1]
HAL_GPIO_Init           0x08027cd5    0x1fa  Code  Gb  stm32f4xx_hal_gpio.o [1]
HAL_GPIO_ReadPin        0x08028045     0x18  Code  Gb  stm32f4xx_hal_gpio.o [1]
HAL_GPIO_TogglePin      0x08028071      0xa  Code  Gb  stm32f4xx_hal_gpio.o [1]
HAL_GPIO_WritePin       0x0802805d     0x14  Code  Gb  stm32f4xx_hal_gpio.o [1]
HAL_GetTick             0x080298e9      0xc  Code  Wk  stm32f4xx_hal.o [1]
HAL_I2C_Init            0x08025d41    0x128  Code  Gb  stm32f4xx_hal_i2c.o [1]
HAL_I2C_MspInit         0x08026e99     0x54  Code  Gb  stm32f4xx_hal_msp.o [1]
HAL_IncTick             0x0802825d     0x10  Code  Wk  stm32f4xx_hal.o [1]
HAL_Init                0x08024c8d     0x3a  Code  Gb  stm32f4xx_hal.o [1]
HAL_InitTick            0x0802937d     0x86  Code  Gb  stm32f4xx_hal_timebase_TIM.o [1]
HAL_MspInit             0x08026c39     0x5e  Code  Gb  stm32f4xx_hal_msp.o [1]
HAL_NVIC_DisableIRQ     0x08025c4d      0xe  Code  Gb  stm32f4xx_hal_cortex.o [1]
HAL_NVIC_EnableIRQ      0x08025c3f      0xe  Code  Gb  stm32f4xx_hal_cortex.o [1]
HAL_NVIC_SetPriority    0x08025c19     0x26  Code  Gb  stm32f4xx_hal_cortex.o [1]
HAL_NVIC_SetPriorityGrouping
                        0x08025c0d      0xc  Code  Gb  stm32f4xx_hal_cortex.o [1]
HAL_NVIC_SystemReset    0x08025c5b      0x8  Code  Gb  stm32f4xx_hal_cortex.o [1]
HAL_PWREx_EnableOverDrive
                        0x0802556d     0x6e  Code  Gb  stm32f4xx_hal_pwr_ex.o [1]
HAL_RCCEx_PeriphCLKConfig
                        0x0802585d    0x27a  Code  Gb  stm32f4xx_hal_rcc_ex.o [1]
HAL_RCC_ClockConfig     0x080255ed    0x14a  Code  Gb  stm32f4xx_hal_rcc.o [1]
HAL_RCC_GetClockConfig  0x08025769     0x3a  Code  Gb  stm32f4xx_hal_rcc.o [1]
HAL_RCC_GetHCLKFreq     0x08025737      0x6  Code  Gb  stm32f4xx_hal_rcc.o [1]
HAL_RCC_GetPCLK1Freq    0x0802573d     0x16  Code  Gb  stm32f4xx_hal_rcc.o [1]
HAL_RCC_GetPCLK2Freq    0x08025753     0x16  Code  Gb  stm32f4xx_hal_rcc.o [1]
HAL_RCC_GetSysClockFreq
                        0x080257bd     0xa0  Code  Wk  stm32f4xx_hal_rcc.o [1]
HAL_RCC_OscConfig       0x080251ed    0x380  Code  Wk  stm32f4xx_hal_rcc.o [1]
HAL_RTCEx_BKUPRead      0x080262c9     0x12  Code  Gb  stm32f4xx_hal_rtc_ex.o [1]
HAL_RTCEx_BKUPWrite     0x080262b5     0x14  Code  Gb  stm32f4xx_hal_rtc_ex.o [1]
HAL_RTC_GetDate         0x080261b7     0x50  Code  Gb  stm32f4xx_hal_rtc.o [1]
HAL_RTC_GetTime         0x0802605d     0x64  Code  Gb  stm32f4xx_hal_rtc.o [1]
HAL_RTC_Init            0x08025e71     0xcc  Code  Gb  stm32f4xx_hal_rtc.o [1]
HAL_RTC_MspInit         0x08026eed     0x14  Code  Gb  stm32f4xx_hal_msp.o [1]
HAL_RTC_SetDate         0x080260c1     0xf6  Code  Gb  stm32f4xx_hal_rtc.o [1]
HAL_RTC_SetTime         0x08025f3d    0x120  Code  Gb  stm32f4xx_hal_rtc.o [1]
HAL_RTC_WaitForSynchro  0x08026215     0x34  Code  Gb  stm32f4xx_hal_rtc.o [1]
HAL_SD_AbortCallback    0x080306c7      0x2  Code  Wk  stm32f4xx_hal_sd.o [1]
HAL_SD_ErrorCallback    0x080306c1      0x2  Code  Wk  stm32f4xx_hal_sd.o [1]
HAL_SD_GetCardInfo      0x08030119     0x26  Code  Gb  stm32f4xx_hal_sd.o [1]
HAL_SD_GetCardState     0x0803013f     0x32  Code  Gb  stm32f4xx_hal_sd.o [1]
HAL_SD_IRQHandler       0x0802ff3b    0x1d2  Code  Gb  stm32f4xx_hal_sd.o [1]
HAL_SD_ReadBlocks_DMA   0x0802fcc9    0x13a  Code  Gb  stm32f4xx_hal_sd.o [1]
HAL_SD_RxCpltCallback   0x080306c3      0x2  Code  Wk  stm32f4xx_hal_sd.o [1]
HAL_SD_TxCpltCallback   0x080306c5      0x2  Code  Wk  stm32f4xx_hal_sd.o [1]
HAL_SD_WriteBlocks_DMA  0x0802fe03    0x138  Code  Gb  stm32f4xx_hal_sd.o [1]
HAL_SYSTICK_CLKSourceConfig
                        0x08025c6f     0x20  Code  Gb  stm32f4xx_hal_cortex.o [1]
HAL_SYSTICK_Config      0x08025c63      0xc  Code  Gb  stm32f4xx_hal_cortex.o [1]
HAL_TIMEx_BreakCallback
                        0x080299eb      0x2  Code  Wk  stm32f4xx_hal_tim_ex.o [1]
HAL_TIMEx_CommutationCallback
                        0x080299ef      0x2  Code  Wk  stm32f4xx_hal_tim_ex.o [1]
HAL_TIMEx_MasterConfigSynchronization
                        0x08026bdd     0x5a  Code  Gb  stm32f4xx_hal_tim_ex.o [1]
HAL_TIM_Base_DeInit     0x08026315     0x44  Code  Gb  stm32f4xx_hal_tim.o [1]
HAL_TIM_Base_Init       0x080262dd     0x38  Code  Gb  stm32f4xx_hal_tim.o [1]
HAL_TIM_Base_MspDeInit  0x08026ff1     0x52  Code  Gb  stm32f4xx_hal_msp.o [1]
HAL_TIM_Base_MspInit    0x08026f01     0x9a  Code  Gb  stm32f4xx_hal_msp.o [1]
HAL_TIM_Base_Start_IT   0x08026359     0x1e  Code  Gb  stm32f4xx_hal_tim.o [1]
HAL_TIM_Base_Stop_IT    0x08026377     0x36  Code  Gb  stm32f4xx_hal_tim.o [1]
HAL_TIM_ConfigClockSource
                        0x08026733    0x11e  Code  Gb  stm32f4xx_hal_tim.o [1]
HAL_TIM_IC_CaptureCallback
                        0x080299e5      0x2  Code  Wk  stm32f4xx_hal_tim.o [1]
HAL_TIM_IRQHandler      0x080264bd    0x176  Code  Gb  stm32f4xx_hal_tim.o [1]
HAL_TIM_MspPostInit     0x08026f9b     0x56  Code  Gb  stm32f4xx_hal_msp.o [1]
HAL_TIM_OC_DelayElapsedCallback
                        0x080299e7      0x2  Code  Wk  stm32f4xx_hal_tim.o [1]
HAL_TIM_PWM_ConfigChannel
                        0x08026633    0x100  Code  Gb  stm32f4xx_hal_tim.o [1]
HAL_TIM_PWM_Init        0x080263ad     0x38  Code  Gb  stm32f4xx_hal_tim.o [1]
HAL_TIM_PWM_MspInit     0x080299e3      0x2  Code  Wk  stm32f4xx_hal_tim.o [1]
HAL_TIM_PWM_PulseFinishedCallback
                        0x080299e9      0x2  Code  Wk  stm32f4xx_hal_tim.o [1]
HAL_TIM_PWM_Start       0x080263e5     0x4c  Code  Gb  stm32f4xx_hal_tim.o [1]
HAL_TIM_PWM_Stop        0x08026431     0x82  Code  Gb  stm32f4xx_hal_tim.o [1]
HAL_TIM_PeriodElapsedCallback
                        0x08023365     0x1e  Code  Gb  main.o [1]
HAL_TIM_TriggerCallback
                        0x080299ed      0x2  Code  Wk  stm32f4xx_hal_tim.o [1]
HAL_UART_AbortReceive   0x0802753f     0x50  Code  Gb  stm32f4xx_hal_uart.o [1]
HAL_UART_DeInit         0x080272e3     0x32  Code  Gb  stm32f4xx_hal_uart.o [1]
HAL_UART_ErrorCallback  0x08029fb1      0x2  Code  Wk  stm32f4xx_hal_uart.o [1]
HAL_UART_IRQHandler     0x0802758f    0x146  Code  Gb  stm32f4xx_hal_uart.o [1]
HAL_UART_Init           0x0802726d     0x76  Code  Gb  stm32f4xx_hal_uart.o [1]
HAL_UART_MspDeInit      0x080271ab     0x5a  Code  Gb  stm32f4xx_hal_msp.o [1]
HAL_UART_MspInit        0x08027043    0x168  Code  Gb  stm32f4xx_hal_msp.o [1]
HAL_UART_Receive_DMA    0x08027489     0xb6  Code  Gb  stm32f4xx_hal_uart.o [1]
HAL_UART_RxCpltCallback
                        0x0802b649    0x600  Code  Gb  wifi_task.o [1]
HAL_UART_RxHalfCpltCallback
                        0x0802bcf3      0x2  Code  Wk  stm32f4xx_hal_uart.o [1]
HAL_UART_Transmit       0x08027315     0xde  Code  Gb  stm32f4xx_hal_uart.o [1]
HAL_UART_Transmit_DMA   0x080273f3     0x96  Code  Gb  stm32f4xx_hal_uart.o [1]
HAL_UART_TxCpltCallback
                        0x0802bc49      0xe  Code  Gb  wifi_task.o [1]
HAL_UART_TxHalfCpltCallback
                        0x0802bcf1      0x2  Code  Wk  stm32f4xx_hal_uart.o [1]
HEAP$$Base              0x20000910            --   Gb  - Linker created -
HEAP$$Limit             0x20001110            --   Gb  - Linker created -
HardFault_Handler       0x08031747      0x2  Code  Gb  stm32f4xx_it.o [1]
LCD_Busy                0x0803121f     0x56  Code  Gb  lcd_driver.o [1]
LCD_DisplayString       0x0803136d     0x34  Code  Gb  lcd_driver.o [1]
LCD_Init                0x080313a1     0x40  Code  Gb  lcd_driver.o [1]
LCD_SetDataInput        0x080311df     0x20  Code  Gb  lcd_driver.o [1]
LCD_SetDataOutput       0x080311ff     0x20  Code  Gb  lcd_driver.o [1]
LCD_SetPosition         0x08031349     0x24  Code  Gb  lcd_driver.o [1]
LCD_SmallDelay          0x080311dd      0x2  Code  Gb  lcd_driver.o [1]
LCD_WriteCommand        0x08031275     0x62  Code  Gb  lcd_driver.o [1]
LCD_WriteData           0x080312d7     0x62  Code  Gb  lcd_driver.o [1]
LoadInt                 0x0802d56f     0x6e  Code  Lc  xprintffull.o [3]
MX_DCMI_Init            0x08022b8f     0x5e  Code  Lc  main.o [1]
MX_DMA_Init             0x08022fb7     0x76  Code  Lc  main.o [1]
MX_FATFS_Init           0x08022519     0x18  Code  Gb  fatfs.o [1]
MX_GPIO_Init            0x0802302d    0x270  Code  Lc  main.o [1]
MX_I2C2_Init            0x08022bed     0x6a  Code  Lc  main.o [1]
MX_RTC_Init             0x08022c57     0xb2  Code  Lc  main.o [1]
MX_SDIO_SD_Init         0x08022d09     0x3e  Code  Lc  main.o [1]
MX_TIM14_Init           0x08022e61     0x96  Code  Lc  main.o [1]
MX_TIM6_Init            0x08022d47     0x64  Code  Lc  main.o [1]
MX_TIM9_Init            0x08022dab     0xb6  Code  Lc  main.o [1]
MX_USART1_UART_Init     0x08022ef7     0x60  Code  Lc  main.o [1]
MX_USART2_UART_Init     0x08022f57     0x60  Code  Lc  main.o [1]
MemManage_Handler       0x08031749      0x2  Code  Gb  stm32f4xx_it.o [1]
Mem_EraseApp            0x08024eaf     0x50  Code  Gb  memory.o [1]
Mem_GetChecksum32       0x08024f9f     0x1e  Code  Gb  memory.o [1]
Mem_GetChecksum8        0x08024fbd     0x22  Code  Gb  memory.o [1]
Mem_GetSector           0x08024fdf    0x1a8  Code  Gb  memory.o [1]
Mem_ReadConfig          0x08024df5     0x3e  Code  Gb  memory.o [1]
Mem_ReadInfo            0x08024ccd     0x52  Code  Gb  memory.o [1]
Mem_ResetConfig         0x08024d99     0x5c  Code  Gb  memory.o [1]
Mem_WriteApp            0x08024eff     0x3a  Code  Gb  memory.o [1]
Mem_WriteConfig         0x08024e33     0x7c  Code  Gb  memory.o [1]
Mem_WriteInfo           0x08024d1f     0x7a  Code  Gb  memory.o [1]
Motor_ControlTask       0x0802826d    0x46a  Code  Gb  motor_task.o [1]
Motor_SetDefault        0x08028925     0xa8  Code  Gb  motor_task.o [1]
Motor_SetTimerPeriod    0x080288bf     0x66  Code  Gb  motor_task.o [1]
Motor_StepControl_IRQ   0x080286d7    0x1e8  Code  Gb  motor_task.o [1]
NMI_Handler             0x08031745      0x2  Code  Gb  stm32f4xx_it.o [1]
NVIC_DisableIRQ         0x08025b49     0x14  Code  Lc  stm32f4xx_hal_cortex.o [1]
NVIC_EnableIRQ          0x08025b35     0x14  Code  Lc  stm32f4xx_hal_cortex.o [1]
NVIC_EncodePriority     0x08025b83     0x3e  Code  Lc  stm32f4xx_hal_cortex.o [1]
NVIC_GetPriorityGrouping
                        0x08025b2b      0xa  Code  Lc  stm32f4xx_hal_cortex.o [1]
NVIC_SetPriority        0x08025b5d     0x26  Code  Lc  stm32f4xx_hal_cortex.o [1]
NVIC_SetPriorityGrouping
                        0x08025b0d     0x1e  Code  Lc  stm32f4xx_hal_cortex.o [1]
NVIC_SystemReset        0x08025bc1     0x1c  Code  Lc  stm32f4xx_hal_cortex.o [1]
OV2640_160x120_JPEG     0x08031b38     0x50  Data  Gb  ov7670.o [1]
OV2640_176x144_JPEG     0x08031b88     0x50  Data  Gb  ov7670.o [1]
OV2640_320x240_JPEG     0x08031bd8     0x50  Data  Gb  ov7670.o [1]
OV2640_352x288_JPEG     0x08031c28     0x50  Data  Gb  ov7670.o [1]
OV2640_JPEG             0x08032d88     0x10  Data  Gb  ov7670.o [1]
OV2640_JPEGConfig       0x08030aed    0x1b2  Code  Gb  ov7670.o [1]
OV2640_JPEG_INIT        0x080313e0    0x17c  Data  Gb  ov7670.o [1]
OV2640_Reset            0x08030c9f     0x14  Code  Gb  ov7670.o [1]
OV2640_YUV422           0x08032c3c     0x14  Data  Gb  ov7670.o [1]
PendSV_Handler          0x080292d5           Code  Gb  portasm.o [1]
RTC_Bcd2ToByte          0x08026297     0x1c  Code  Gb  stm32f4xx_hal_rtc.o [1]
RTC_ByteToBcd2          0x08026281     0x16  Code  Gb  stm32f4xx_hal_rtc.o [1]
RTC_EnterInitMode       0x08026249     0x38  Code  Gb  stm32f4xx_hal_rtc.o [1]
Region$$Table$$Base     0x08032334            --   Gb  - Linker created -
Region$$Table$$Limit    0x08032354            --   Gb  - Linker created -
SCCB_Start              0x08031029     0x38  Code  Gb  sccb.o [1]
SCCB_Stop               0x08031061     0x34  Code  Gb  sccb.o [1]
SCCB_WR_Byte            0x08031095     0x9a  Code  Gb  sccb.o [1]
SCCB_WR_Reg             0x08031135     0x5a  Code  Gb  sccb.o [1]
SDFatFS                 0x20018d44   0x1034  Data  Gb  fatfs.o [1]
SDFile                  0x20019d78   0x1030  Data  Gb  fatfs.o [1]
SDIO_ConfigData         0x080303bb     0x2e  Code  Gb  stm32f4xx_ll_sdmmc.o [1]
SDIO_GetCommandResponse
                        0x0803039d      0x6  Code  Gb  stm32f4xx_ll_sdmmc.o [1]
SDIO_GetResponse        0x080303a3     0x18  Code  Gb  stm32f4xx_ll_sdmmc.o [1]
SDIO_IRQHandler         0x08031793      0xa  Code  Gb  stm32f4xx_it.o [1]
SDIO_ReadFIFO           0x08030361      0x6  Code  Gb  stm32f4xx_ll_sdmmc.o [1]
SDIO_SendCommand        0x08030373     0x2a  Code  Gb  stm32f4xx_ll_sdmmc.o [1]
SDIO_WriteFIFO          0x08030367      0xc  Code  Gb  stm32f4xx_ll_sdmmc.o [1]
SDMMC_CmdBlockLength    0x080303e9     0x3a  Code  Gb  stm32f4xx_ll_sdmmc.o [1]
SDMMC_CmdReadMultiBlock
                        0x0803045d     0x3a  Code  Gb  stm32f4xx_ll_sdmmc.o [1]
SDMMC_CmdReadSingleBlock
                        0x08030423     0x3a  Code  Gb  stm32f4xx_ll_sdmmc.o [1]
SDMMC_CmdSendStatus     0x08030545     0x3a  Code  Gb  stm32f4xx_ll_sdmmc.o [1]
SDMMC_CmdStopTransfer   0x0803050b     0x3a  Code  Gb  stm32f4xx_ll_sdmmc.o [1]
SDMMC_CmdWriteMultiBlock
                        0x080304d1     0x3a  Code  Gb  stm32f4xx_ll_sdmmc.o [1]
SDMMC_CmdWriteSingleBlock
                        0x08030497     0x3a  Code  Gb  stm32f4xx_ll_sdmmc.o [1]
SDMMC_GetCmdResp1       0x0803057f    0x134  Code  Lc  stm32f4xx_ll_sdmmc.o [1]
SDPath                  0x2001cb58      0x4  Data  Gb  fatfs.o [1]
SDQueueID               0x2001cb7c      0x4  Data  Lc  sd_diskio.o [1]
SD_CheckStatus          0x0803155d     0x24  Code  Lc  sd_diskio.o [1]
SD_CreateNewFile        0x08022535    0x100  Code  Gb  fatfs.o [1]
SD_DMAError             0x080301c9     0x60  Code  Lc  stm32f4xx_hal_sd.o [1]
SD_DMAReceiveCplt       0x08030181     0x48  Code  Lc  stm32f4xx_hal_sd.o [1]
SD_DMARxAbort           0x08030281     0x56  Code  Lc  stm32f4xx_hal_sd.o [1]
SD_DMATransmitCplt      0x08030171     0x10  Code  Lc  stm32f4xx_hal_sd.o [1]
SD_DMATxAbort           0x08030229     0x56  Code  Lc  stm32f4xx_hal_sd.o [1]
SD_Driver               0x08032c50     0x14  Data  Gb  sd_diskio.o [1]
SD_Read_IT              0x0803030b     0x2a  Code  Lc  stm32f4xx_hal_sd.o [1]
SD_SendStatus           0x080302d7     0x34  Code  Lc  stm32f4xx_hal_sd.o [1]
SD_Write_IT             0x08030335     0x2a  Code  Lc  stm32f4xx_hal_sd.o [1]
SD_initialize           0x08031581      0xe  Code  Gb  sd_diskio.o [1]
SD_ioctl                0x0803165d     0x6c  Code  Gb  sd_diskio.o [1]
SD_read                 0x0803159d     0x60  Code  Gb  sd_diskio.o [1]
SD_status               0x0803158f      0xe  Code  Gb  sd_diskio.o [1]
SD_write                0x080315fd     0x60  Code  Gb  sd_diskio.o [1]
SVC_Handler             0x0802932d           Code  Gb  portasm.o [1]
StartDefaultTask        0x0802329d     0xc8  Code  Gb  main.o [1]
Stat                    0x2000010c      0x1  Data  Lc  sd_diskio.o [1]
SysTick_Config          0x08025bdd     0x30  Code  Lc  stm32f4xx_hal_cortex.o [1]
SysTick_Handler         0x08031751      0x8  Code  Gb  stm32f4xx_it.o [1]
SystemClock_Config      0x08022a81    0x10e  Code  Gb  main.o [1]
SystemCoreClock         0x20000004      0x4  Data  Gb  system_stm32f4xx.o [1]
SystemInit              0x08031955     0x4a  Code  Gb  system_stm32f4xx.o [1]
TIM1_UP_TIM10_IRQHandler
                        0x08031765      0xa  Code  Gb  stm32f4xx_it.o [1]
TIM6_DAC_IRQHandler     0x0803179d      0xa  Code  Gb  stm32f4xx_it.o [1]
TIM8_TRG_COM_TIM14_IRQHandler
                        0x08031783     0x10  Code  Gb  stm32f4xx_it.o [1]
TIM_Base_SetConfig      0x08026851     0xe6  Code  Gb  stm32f4xx_hal_tim.o [1]
TIM_CCxChannelCmd       0x080269b5     0x1e  Code  Gb  stm32f4xx_hal_tim.o [1]
TIM_ETR_SetConfig       0x08026bc1     0x1c  Code  Lc  stm32f4xx_hal_tim.o [1]
TIM_ITRx_SetConfig      0x08026bab     0x16  Code  Lc  stm32f4xx_hal_tim.o [1]
TIM_OC1_SetConfig       0x080269d3     0x72  Code  Lc  stm32f4xx_hal_tim.o [1]
TIM_OC2_SetConfig       0x08026937     0x7c  Code  Gb  stm32f4xx_hal_tim.o [1]
TIM_OC3_SetConfig       0x08026a45     0x7a  Code  Lc  stm32f4xx_hal_tim.o [1]
TIM_OC4_SetConfig       0x08026abf     0x64  Code  Lc  stm32f4xx_hal_tim.o [1]
TIM_TI1_ConfigInputStage
                        0x08026b51     0x2c  Code  Lc  stm32f4xx_hal_tim.o [1]
TIM_TI2_ConfigInputStage
                        0x08026b7d     0x2e  Code  Lc  stm32f4xx_hal_tim.o [1]
UART_DMAAbortOnError    0x0802786d     0x16  Code  Lc  stm32f4xx_hal_uart.o [1]
UART_DMAError           0x0802776d     0x5c  Code  Lc  stm32f4xx_hal_uart.o [1]
UART_DMAReceiveCplt     0x08027719     0x44  Code  Lc  stm32f4xx_hal_uart.o [1]
UART_DMARxHalfCplt      0x0802775d      0xe  Code  Lc  stm32f4xx_hal_uart.o [1]
UART_DMATransmitCplt    0x080276d5     0x34  Code  Lc  stm32f4xx_hal_uart.o [1]
UART_DMATxHalfCplt      0x08027709      0xe  Code  Lc  stm32f4xx_hal_uart.o [1]
UART_EndRxTransfer      0x0802784d     0x20  Code  Lc  stm32f4xx_hal_uart.o [1]
UART_EndTransmit_IT     0x080278f3     0x20  Code  Lc  stm32f4xx_hal_uart.o [1]
UART_EndTxTransfer      0x08027839     0x14  Code  Lc  stm32f4xx_hal_uart.o [1]
UART_Receive_IT         0x08027913     0xa2  Code  Lc  stm32f4xx_hal_uart.o [1]
UART_SetConfig          0x080279b5    0x312  Code  Lc  stm32f4xx_hal_uart.o [1]
UART_Transmit_IT        0x08027885     0x6e  Code  Lc  stm32f4xx_hal_uart.o [1]
UART_WaitOnFlagUntilTimeout
                        0x080277c9     0x70  Code  Lc  stm32f4xx_hal_uart.o [1]
USART1_IRQHandler       0x0803176f      0xa  Code  Gb  stm32f4xx_it.o [1]
USART2_IRQHandler       0x08031779      0xa  Code  Gb  stm32f4xx_it.o [1]
UsageFault_Handler      0x0803174d      0x2  Code  Gb  stm32f4xx_it.o [1]
WiFi_ControlTask        0x08029fb5    0x2d8  Code  Gb  wifi_task.o [1]
WiFi_Ctrl_ClientManage  0x0802aa91     0xba  Code  Gb  wifi_task.o [1]
WiFi_Ctrl_ConnectAP     0x0802a819     0xc4  Code  Gb  wifi_task.o [1]
WiFi_Ctrl_Echo          0x0802a28d     0x50  Code  Gb  wifi_task.o [1]
WiFi_Ctrl_GetIP         0x0802a8dd     0xbe  Code  Gb  wifi_task.o [1]
WiFi_Ctrl_GetMac        0x0802a355    0x11e  Code  Gb  wifi_task.o [1]
WiFi_Ctrl_Idle          0x0802b379     0xa4  Code  Gb  wifi_task.o [1]
WiFi_Ctrl_ReceRequest   0x0802ab5d     0x6e  Code  Gb  wifi_task.o [1]
WiFi_Ctrl_SendImage     0x0802b019    0x342  Code  Gb  wifi_task.o [1]
WiFi_Ctrl_SendImageFileInfo
                        0x0802add5    0x1d2  Code  Gb  wifi_task.o [1]
WiFi_Ctrl_SendRespond   0x0802abf9    0x1a8  Code  Gb  wifi_task.o [1]
WiFi_Ctrl_SetupAP       0x0802a473    0x16e  Code  Gb  wifi_task.o [1]
WiFi_Ctrl_SetupStation  0x0802a701    0x118  Code  Gb  wifi_task.o [1]
WiFi_Ctrl_SetupUART     0x0802a2dd     0x78  Code  Gb  wifi_task.o [1]
WiFi_Ctrl_StartTcpClient
                        0x0802a9a1     0xcc  Code  Gb  wifi_task.o [1]
WiFi_Ctrl_StartTcpServer
                        0x0802a5e1    0x120  Code  Gb  wifi_task.o [1]
WiFi_ResetRxBuffer      0x0802b539     0x76  Code  Gb  wifi_task.o [1]
WiFi_SendCommand        0x0802b499     0x40  Code  Gb  wifi_task.o [1]
WiFi_SendData           0x0802b4e1     0x38  Code  Gb  wifi_task.o [1]
WiFi_SetUartBaudrate    0x0802b425     0x6a  Code  Gb  wifi_task.o [1]
_EncodingSb_Mbtowc      0x0802eae3     0x30  Code  Gb  xencoding_sb.o [3]
_EncodingSb_Mbtowc::initial
                        0x0802eb20      0x8  Data  Lc  xencoding_sb.o [3]
_EncodingSb_Wctomb      0x0802eac9     0x1a  Code  Gb  xencoding_sb.o [3]
[...]
__vector_table          0x08020000           Data  Gb  startup_stm32f437xx.o [1]
_call_main              0x080328dd           Code  Gb  cmain.o [5]
_exit                   0x080328f5           Code  Gb  cexit.o [5]
_main                   0x080328e7           Code  Gb  cmain.o [5]
app_config              0x2001c1a0    0x10c  Data  Gb  memory.o [1]
app_info                0x2001ca10     0x18  Data  Gb  memory.o [1]
buffer                  0x2001ada8   0x1000  Data  Lc  fatfs.o [1]
camera_dbg              0x2001c91c     0x34  Data  Gb  camera_task.o [1]
camera_event_group      0x2001cb34      0x4  Data  Gb  camera_task.o [1]
camera_info             0x20001110  0x14034  Data  Gb  camera_task.o [1]
check_fs                0x08020f45     0x7c  Code  Lc  ff.o [1]
chk_chr                 0x0802024b     0x14  Code  Lc  ff.o [1]
chk_lock                0x0802029d     0x86  Code  Lc  ff.o [1]
clear_lock              0x08020467     0x28  Code  Lc  ff.o [1]
client_data             0x2001bda8    0x3f8  Data  Gb  wifi_task.o [1]
client_data_index       0x2001cbe4      0x2  Data  Gb  wifi_task.o [1]
client_data_size        0x2001cbe6      0x2  Data  Gb  wifi_task.o [1]
client_id_active        0x2000010d      0x1  Data  Gb  wifi_task.o [1]
client_list             0x2001cb24      0x8  Data  Gb  wifi_task.o [1]
clmt_clust              0x080209ad     0x38  Code  Lc  ff.o [1]
clust2sect              0x080205c3     0x1a  Code  Lc  ff.o [1]
create_chain            0x080208a7    0x106  Code  Lc  ff.o [1]
create_name             0x08020d39    0x112  Code  Lc  ff.o [1]
debug_queue             0x2001cb40      0x4  Data  Gb  debug_task.o [1]
debug_timer             0x2001cb44      0x4  Data  Gb  debug_task.o [1]
dec_lock                0x08020413     0x54  Code  Lc  ff.o [1]
defaultTaskHandle       0x2001cb74      0x4  Data  Gb  main.o [1]
delay_ms                0x08031015     0x12  Code  Gb  delay.o [1]
delay_us                0x08030fdd     0x30  Code  Gb  delay.o [1]
delay_us::temp_time     0x2001cb50      0x4  Data  Lc  delay.o [1]
dir_alloc               0x08020bbf     0x6e  Code  Lc  ff.o [1]
dir_find                0x08020c7d     0x76  Code  Lc  ff.o [1]
dir_next                0x08020a99    0x126  Code  Lc  ff.o [1]
dir_register            0x08020cf3     0x46  Code  Lc  ff.o [1]
dir_sdi                 0x080209e5     0xb4  Code  Lc  ff.o [1]
disk                    0x2001cb10      0xc  Data  Gb  ff_gen_drv.o [1]
disk_initialize         0x08022443     0x36  Code  Gb  diskio.o [1]
disk_ioctl              0x080224e9     0x2c  Code  Gb  diskio.o [1]
disk_read               0x08022479     0x38  Code  Gb  diskio.o [1]
disk_status             0x08022421     0x22  Code  Gb  diskio.o [1]
disk_write              0x080224b1     0x38  Code  Gb  diskio.o [1]
display_queue           0x2001cb54      0x4  Data  Gb  display_task.o [1]
div                     0x0802eaa5      0xe  Code  Gb  div.o [3]
enq_lock                0x08020323     0x24  Code  Lc  ff.o [1]
exit                    0x080328ef      0x4  Code  Gb  exit.o [3]
f_close                 0x08021c31     0x42  Code  Gb  ff.o [1]
f_mkfs                  0x08021c73    0x716  Code  Gb  ff.o [1]
f_mkfs::cst             0x08032d68     0x10  Data  Lc  ff.o [1]
f_mkfs::cst32           0x08032d78     0x10  Data  Lc  ff.o [1]
f_mount                 0x0802139d     0x94  Code  Gb  ff.o [1]
f_open                  0x08021451    0x288  Code  Gb  ff.o [1]
f_read                  0x080216d9    0x22c  Code  Gb  ff.o [1]
f_sync                  0x08021b79     0xb8  Code  Gb  ff.o [1]
f_write                 0x08021905    0x274  Code  Gb  ff.o [1]
feedback                0x2001caf8      0xc  Data  Gb  client_task.o [1]
ff_cre_syncobj          0x080223b5     0x28  Code  Gb  syscall.o [1]
ff_del_syncobj          0x080223e1      0xe  Code  Gb  syscall.o [1]
ff_rel_grant            0x0802240b      0xc  Code  Gb  syscall.o [1]
ff_req_grant            0x080223ef     0x1c  Code  Gb  syscall.o [1]
find_volume             0x08020fc9    0x380  Code  Lc  ff.o [1]
follow_path             0x08020e51     0xa4  Code  Lc  ff.o [1]
free                    0x0802e1fd     0x7a  Code  Gb  xxmemxfree.o [3]
g_time_count            0x2001cbdc      0x2  Data  Gb  delay.o [1]
get_fat                 0x080205dd     0xe6  Code  Lc  ff.o [1]
get_fattime             0x08022531      0x4  Code  Gb  fatfs.o [1]
get_ldnumber            0x08020ef5     0x50  Code  Lc  ff.o [1]
hdcmi                   0x2001c72c     0x40  Data  Gb  main.o [1]
hdma_dcmi               0x2001c4f8     0x60  Data  Gb  main.o [1]
hdma_sdio_rx            0x2001c558     0x60  Data  Gb  main.o [1]
hdma_sdio_tx            0x2001c5b8     0x60  Data  Gb  main.o [1]
hdma_usart1_rx          0x2001c618     0x60  Data  Gb  main.o [1]
hdma_usart1_tx          0x2001c678     0x60  Data  Gb  main.o [1]
hi2c2                   0x2001c6d8     0x54  Data  Gb  main.o [1]
hrtc                    0x2001c9d0     0x20  Data  Gb  main.o [1]
hsd                     0x2001c374     0x84  Data  Gb  main.o [1]
htim1                   0x2001c8e0     0x3c  Data  Gb  stm32f4xx_hal_timebase_TIM.o [1]
htim14                  0x2001c8a4     0x3c  Data  Gb  main.o [1]
htim6                   0x2001c82c     0x3c  Data  Gb  main.o [1]
htim9                   0x2001c868     0x3c  Data  Gb  main.o [1]
huart1                  0x2001c76c     0x40  Data  Gb  main.o [1]
huart2                  0x2001c7ac     0x40  Data  Gb  main.o [1]
inHandlerMode           0x08022673     0x12  Code  Lc  cmsis_os.o [1]
inc_lock                0x08020347     0xcc  Code  Lc  ff.o [1]
ld_clust                0x08020c2d     0x28  Code  Lc  ff.o [1]
ld_dword                0x080201bd     0x1a  Code  Lc  ff.o [1]
ld_word                 0x080201ad     0x10  Code  Lc  ff.o [1]
line_start              0x2001cbe2      0x2  Data  Gb  wifi_task.o [1]
localeconv              0x0802ea73     0x16  Code  Gb  localeconv.o [3]
lock_fs                 0x0802025f     0x1a  Code  Lc  ff.o [1]
main                    0x08022a21     0x60  Code  Gb  main.o [1]
makeFreeRtosPriority    0x08022661     0x12  Code  Lc  cmsis_os.o [1]
malloc                  0x0802e131     0xac  Code  Gb  xxmemxmalloc.o [3]
mem_cmp                 0x08020227     0x24  Code  Lc  ff.o [1]
mem_cpy                 0x080201fd     0x1c  Code  Lc  ff.o [1]
mem_set                 0x08020219      0xe  Code  Lc  ff.o [1]
memchr                  0x0802e0cd           Code  Gb  memchr.o [5]
message                 0x2001caec      0xc  Data  Gb  client_task.o [1]
motor_group             0x2001c984     0x2c  Data  Gb  motor_task.o [1]
move_window             0x080204e9     0x40  Code  Lc  ff.o [1]
osDelay                 0x080226d3     0x1c  Code  Gb  cmsis_os.o [1]
osKernelStart           0x08022685      0xa  Code  Gb  cmsis_os.o [1]
osKernelSysTick         0x0802268f     0x16  Code  Gb  cmsis_os.o [1]
osMessageGet            0x08022811     0xb6  Code  Gb  cmsis_os.o [1]
osSemaphoreCreate       0x080226ef     0x2e  Code  Gb  cmsis_os.o [1]
osSemaphoreDelete       0x080227f7     0x1a  Code  Gb  cmsis_os.o [1]
osSemaphoreRelease      0x080227a3     0x54  Code  Gb  cmsis_os.o [1]
osSemaphoreWait         0x0802271d     0x86  Code  Gb  cmsis_os.o [1]
osSystickHandler        0x080228c7     0x10  Code  Gb  cmsis_os.o [1]
osThreadCreate          0x080226a5     0x2e  Code  Gb  cmsis_os.o [1]
ota_info                0x2001cb04      0xc  Data  Gb  client_task.o [1]
ov2640_1024x768_jpeg    0x08031d64     0x4c  Data  Gb  ov7670.o [1]
ov2640_640x480_jpeg     0x08031c78     0x50  Data  Gb  ov7670.o [1]
ov2640_800x600_jpeg     0x08031cc8     0x50  Data  Gb  ov7670.o [1]
pFlash                  0x2001c9f0     0x20  Data  Gb  stm32f4xx_hal_flash.o [1]
packet_id               0x2001cbee      0x1  Data  Gb  wifi_task.o [1]
pcInterruptPriorityRegisters
                        0x08032fe4      0x4  Data  Lc  port.o [1]
prvAddCurrentTaskToDelayedList
                        0x08023fe1     0x82  Code  Lc  tasks.o [1]
prvAddNewTaskToReadyList
                        0x080235b1     0xc0  Code  Lc  tasks.o [1]
prvCheckForValidListAndQueue
                        0x0802922d     0x4c  Code  Lc  timers.o [1]
prvCheckTasksWaitingTermination
                        0x08023d51     0x66  Code  Lc  tasks.o [1]
prvCopyDataFromQueue    0x080248a5     0x30  Code  Lc  queue.o [1]
prvCopyDataToQueue      0x08024807     0x9e  Code  Lc  queue.o [1]
prvDebugTimerCallback   0x08028165      0xa  Code  Lc  debug_task.o [1]
prvDeleteTCB            0x08023db7     0x12  Code  Lc  tasks.o [1]
prvGetNextExpireTime    0x08028fed     0x32  Code  Lc  timers.o [1]
prvHeapInit             0x08028bb3     0x6e  Code  Lc  heap_4.o [1]
prvIdleTask             0x08023cbd     0x2a  Code  Lc  tasks.o [1]
prvInitialiseNewQueue   0x08024191     0x36  Code  Lc  queue.o [1]
prvInitialiseNewTask    0x080234d5     0xdc  Code  Lc  tasks.o [1]
prvInitialiseNewTimer   0x08028e27     0x52  Code  Lc  timers.o [1]
prvInitialiseTaskLists  0x08023cf1     0x5c  Code  Lc  tasks.o [1]
prvInsertBlockIntoFreeList
                        0x08028c21     0x62  Code  Lc  heap_4.o [1]
prvInsertTimerInActiveList
                        0x0802904b     0x50  Code  Lc  timers.o [1]
prvIsQueueEmpty         0x08024943     0x20  Code  Lc  queue.o [1]
prvIsQueueFull          0x08024963     0x22  Code  Lc  queue.o [1]
prvProcessExpiredTimer  0x08028f01     0x5c  Code  Lc  timers.o [1]
prvProcessReceivedCommands
                        0x0802909b    0x102  Code  Lc  timers.o [1]
prvProcessTimerOrBlockTask
                        0x08028f77     0x76  Code  Lc  timers.o [1]
prvResetNextTaskUnblockTime
                        0x08023dc9     0x2a  Code  Lc  tasks.o [1]
prvSampleTimeNow        0x0802901f     0x2c  Code  Lc  timers.o [1]
prvSampleTimeNow::xLastTime
                        0x2001cbd0      0x4  Data  Lc  timers.o [1]
prvSwitchTimerLists     0x0802919d     0x90  Code  Lc  timers.o [1]
prvTaskExitError        0x08024a59     0x2a  Code  Lc  port.o [1]
prvTestWaitCondition    0x0802ce13     0x24  Code  Lc  event_groups.o [1]
prvTimerTask            0x08028f5d     0x1a  Code  Lc  timers.o [1]
prvUnlockQueue          0x080248d5     0x6e  Code  Lc  queue.o [1]
push_event              0x2001cbeb      0x1  Data  Gb  wifi_task.o [1]
put_fat                 0x080206c3    0x130  Code  Lc  ff.o [1]
pvPortMalloc            0x08028a09    0x124  Code  Gb  heap_4.o [1]
pvTaskIncrementMutexHeldCount
                        0x08023f9d     0x1e  Code  Gb  tasks.o [1]
pxCurrentTCB            0x2001cb84      0x4  Data  Gb  tasks.o [1]
pxCurrentTimerList      0x2001cbc0      0x4  Data  Lc  timers.o [1]
pxDelayedTaskList       0x2001cb88      0x4  Data  Lc  tasks.o [1]
pxEnd                   0x2001cb60      0x4  Data  Lc  heap_4.o [1]
pxOverflowDelayedTaskList
                        0x2001cb8c      0x4  Data  Lc  tasks.o [1]
pxOverflowTimerList     0x2001cbc4      0x4  Data  Lc  timers.o [1]
pxPortInitialiseStack   0x08024a31     0x28  Code  Gb  port.o [1]
pxReadyTasksLists       0x2001c2ac     0xc8  Data  Lc  tasks.o [1]
receive_queue           0x2001cbd4      0x4  Data  Gb  wifi_task.o [1]
remove_chain            0x080207f3     0xb4  Code  Lc  ff.o [1]
request_queue           0x2001cb38      0x4  Data  Gb  client_task.o [1]
respond_queue           0x2001cb3c      0x4  Data  Gb  client_task.o [1]
retSD                   0x2001cbe8      0x1  Data  Gb  fatfs.o [1]
rx_buffer               0x2001c478     0x80  Data  Gb  wifi_task.o [1]
rx_index                0x2001cbe0      0x2  Data  Gb  wifi_task.o [1]
sDate                   0x2001cb70      0x4  Data  Gb  main.o [1]
sTime                   0x2001ca28     0x14  Data  Gb  main.o [1]
sprintf                 0x0802bcf5     0x34  Code  Gb  sprintf.o [3]
st_clust                0x08020c55     0x28  Code  Lc  ff.o [1]
st_dword                0x080201e5     0x18  Code  Lc  ff.o [1]
st_word                 0x080201d7      0xe  Code  Lc  ff.o [1]
strchr                  0x0802e0b5           Code  Gb  strchr.o [5]
strlen                  0x0802ce5d           Code  Gb  strlen.o [5]
sync_fs                 0x08020529     0x9a  Code  Lc  ff.o [1]
sync_window             0x0802048f     0x5a  Code  Lc  ff.o [1]
tcp_client_connected    0x2001cbef      0x1  Data  Gb  wifi_task.o [1]
tx_buffer               0x2001c3f8     0x80  Data  Gb  wifi_task.o [1]
ucHeap                  0x20015144   0x3c00  Data  Lc  heap_4.o [1]
ucMaxSysCallPriority    0x2001cbe9      0x1  Data  Lc  port.o [1]
ulMaxPRIGROUPValue      0x2001cb78      0x4  Data  Lc  port.o [1]
unlock_fs               0x08020279     0x24  Code  Lc  ff.o [1]
uwTick                  0x2001cb80      0x4  Data  Gb  stm32f4xx_hal.o [1]
uxCriticalNesting       0x20000000      0x4  Data  Lc  port.o [1]
uxCurrentNumberOfTasks  0x2001cb94      0x4  Data  Lc  tasks.o [1]
uxDeletedTasksWaitingCleanUp
                        0x2001cb90      0x4  Data  Lc  tasks.o [1]
uxListRemove            0x08028d7d     0x28  Code  Gb  list.o [1]
uxPendedTicks           0x2001cba4      0x4  Data  Lc  tasks.o [1]
uxSchedulerSuspended    0x2001cbbc      0x4  Data  Lc  tasks.o [1]
uxTaskNumber            0x2001cbb0      0x4  Data  Lc  tasks.o [1]
uxTaskResetEventItemValue
                        0x08023f7d     0x20  Code  Gb  tasks.o [1]
uxTopReadyPriority      0x2001cb9c      0x4  Data  Lc  tasks.o [1]
vApplicationIdleHook    0x080292d1      0x2  Code  Wk  freertos.o [1]
vApplicationMallocFailedHook
                        0x0802bd29      0x2  Code  Wk  freertos.o [1]
vEventGroupSetBitsCallback
                        0x0802ce01     0x10  Code  Gb  event_groups.o [1]
vListInitialise         0x08028d07     0x1e  Code  Gb  list.o [1]
vListInitialiseItem     0x08028d25      0x6  Code  Gb  list.o [1]
vListInsert             0x08028d43     0x3a  Code  Gb  list.o [1]
vListInsertEnd          0x08028d2b     0x18  Code  Gb  list.o [1]
vPortEnableVFP          0x08029361           Code  Gb  portasm.o [1]
vPortEnterCritical      0x08024b4f     0x3a  Code  Gb  port.o [1]
vPortExitCritical       0x08024b89     0x32  Code  Gb  port.o [1]
vPortFree               0x08028b2d     0x7a  Code  Gb  heap_4.o [1]
vPortSetupTimerInterrupt
                        0x08024c65     0x28  Code  Wk  port.o [1]
vPortStartFirstTask     0x08029349           Code  Gb  portasm.o [1]
vPortValidateInterruptPriority
                        0x08024be5     0x50  Code  Gb  port.o [1]
vQueueAddToRegistry     0x08024985     0x28  Code  Gb  queue.o [1]
vQueueDelete            0x080247df     0x28  Code  Gb  queue.o [1]
vQueueUnregisterQueue   0x080249ad     0x2e  Code  Gb  queue.o [1]
vQueueWaitForMessageRestricted
                        0x080249e5     0x4c  Code  Gb  queue.o [1]
vTaskDelay              0x08023671     0x4e  Code  Gb  tasks.o [1]
vTaskMissedYield        0x08023cb3      0xa  Code  Gb  tasks.o [1]
vTaskPlaceOnEventList   0x080239fb     0x34  Code  Gb  tasks.o [1]
vTaskPlaceOnEventListRestricted
                        0x08023a89     0x40  Code  Gb  tasks.o [1]
vTaskPlaceOnUnorderedEventList
                        0x08023a2f     0x5a  Code  Gb  tasks.o [1]
vTaskPriorityInherit    0x08023e1b     0xaa  Code  Gb  tasks.o [1]
vTaskSetTimeOutState    0x08023bff     0x26  Code  Gb  tasks.o [1]
vTaskStartScheduler     0x080236bf     0x72  Code  Gb  tasks.o [1]
vTaskSuspendAll         0x08023731     0x10  Code  Gb  tasks.o [1]
vTaskSwitchContext      0x08023989     0x72  Code  Gb  tasks.o [1]
validate                0x08021349     0x54  Code  Lc  ff.o [1]
wifi_ctrl_state         0x2001cbed      0x1  Data  Gb  wifi_task.o [1]
wifi_ip_string          0x2001cadc     0x10  Data  Gb  wifi_task.o [1]
wifi_mac_string         0x2001cac8     0x14  Data  Gb  wifi_task.o [1]
wifi_message            0x2001c950     0x34  Data  Gb  wifi_task.o [1]
wifi_rx_state           0x2001cbec      0x1  Data  Gb  wifi_task.o [1]
wifi_uart_tx_done       0x2001cbea      0x1  Data  Gb  wifi_task.o [1]
xActiveTimerList1       0x2001caa0     0x14  Data  Lc  timers.o [1]
xActiveTimerList2       0x2001cab4     0x14  Data  Lc  timers.o [1]
xBlockAllocatedBit      0x2001cb6c      0x4  Data  Lc  heap_4.o [1]
xDelayedTaskList1       0x2001ca3c     0x14  Data  Lc  tasks.o [1]
xDelayedTaskList2       0x2001ca50     0x14  Data  Lc  tasks.o [1]
xEventGroupClearBits    0x0802cce3     0x48  Code  Gb  event_groups.o [1]
xEventGroupCreate       0x0802cb85     0x1c  Code  Gb  event_groups.o [1]
xEventGroupSetBits      0x0802cd2b     0xd6  Code  Gb  event_groups.o [1]
xEventGroupSetBitsFromISR
                        0x0802ce37     0x1a  Code  Gb  event_groups.o [1]
xEventGroupWaitBits     0x0802cba1    0x142  Code  Gb  event_groups.o [1]
xFreeBytesRemaining     0x2001cb64      0x4  Data  Lc  heap_4.o [1]
xHeapStructSize         0x08032fe0      0x4  Data  Lc  heap_4.o [1]
xIdleTaskHandle         0x2001cbb8      0x4  Data  Lc  tasks.o [1]
xMinimumEverFreeBytesRemaining
                        0x2001cb68      0x4  Data  Lc  heap_4.o [1]
xNextTaskUnblockTime    0x2001cbb4      0x4  Data  Lc  tasks.o [1]
xNumOfOverflows         0x2001cbac      0x4  Data  Lc  tasks.o [1]
xPendingReadyList       0x2001ca64     0x14  Data  Lc  tasks.o [1]
xPortGetFreeHeapSize    0x08028ba7      0x6  Code  Gb  heap_4.o [1]
xPortGetMinimumEverFreeHeapSize
                        0x08028bad      0x6  Code  Gb  heap_4.o [1]
xPortStartScheduler     0x08024a83     0xcc  Code  Gb  port.o [1]
xPortSysTickHandler     0x08024bbb     0x28  Code  Gb  port.o [1]
xQueueGenericCreate     0x08024139     0x58  Code  Gb  queue.o [1]
xQueueGenericReceive    0x0802453f    0x1dc  Code  Gb  queue.o [1]
xQueueGenericReset      0x080240a5     0x94  Code  Gb  queue.o [1]
xQueueGenericSend       0x080241c7    0x1b2  Code  Gb  queue.o [1]
xQueueGenericSendFromISR
                        0x08024379     0xee  Code  Gb  queue.o [1]
xQueueGiveFromISR       0x08024467     0xd8  Code  Gb  queue.o [1]
xQueueReceiveFromISR    0x0802471b     0xc4  Code  Gb  queue.o [1]
xQueueRegistry          0x2001c7ec     0x40  Data  Gb  queue.o [1]
xSchedulerRunning       0x2001cba0      0x4  Data  Lc  tasks.o [1]
xStart                  0x2001cb1c      0x8  Data  Lc  heap_4.o [1]
xSuspendedTaskList      0x2001ca8c     0x14  Data  Lc  tasks.o [1]
xTaskCheckForTimeOut    0x08023c29     0x8a  Code  Gb  tasks.o [1]
xTaskCreate             0x08023451     0x84  Code  Gb  tasks.o [1]
xTaskGetSchedulerState  0x08023df3     0x26  Code  Gb  tasks.o [1]
xTaskGetTickCount       0x0802383f      0xa  Code  Gb  tasks.o [1]
xTaskGetTickCountFromISR
                        0x08023849     0x16  Code  Gb  tasks.o [1]
xTaskIncrementTick      0x0802385f    0x12a  Code  Gb  tasks.o [1]
xTaskPriorityDisinherit
                        0x08023ec5     0xb8  Code  Gb  tasks.o [1]
xTaskRemoveFromEventList
                        0x08023ad9     0x86  Code  Gb  tasks.o [1]
xTaskRemoveFromUnorderedEventList
                        0x08023b6d     0x92  Code  Gb  tasks.o [1]
xTaskResumeAll          0x08023741     0xfe  Code  Gb  tasks.o [1]
xTasksWaitingTermination
                        0x2001ca78     0x14  Data  Lc  tasks.o [1]
xTickCount              0x2001cb98      0x4  Data  Lc  tasks.o [1]
xTimerCreate            0x08028ded     0x3a  Code  Gb  timers.o [1]
xTimerCreateTimerTask   0x08028da5     0x48  Code  Gb  timers.o [1]
xTimerGenericCommand    0x08028e79     0x88  Code  Gb  timers.o [1]
xTimerPendFunctionCallFromISR
                        0x08029279     0x30  Code  Gb  timers.o [1]
xTimerQueue             0x2001cbc8      0x4  Data  Lc  timers.o [1]
xTimerTaskHandle        0x2001cbcc      0x4  Data  Lc  timers.o [1]
xYieldPending           0x2001cba8      0x4  Data  Lc  tasks.o [1]


[1] = E:\F2_OSRAM\O06_Private\WiFi_Camera_Prj\WiFi_Camera_Firmware\EWARM\WiFi_Camera\Obj
[2] = command line
[3] = dl7M_tlf.a
[4] = m7M_tls.a
[5] = rt7M_tl.a
[6] = shb_l.a

   72 274 bytes of readonly  code memory
    5 922 bytes of readonly  data memory
  117 742 bytes of readwrite data memory

Errors: none
Warnings: none
